18:58:15 **** Build of project Synthesizer_bsp ****
make -k all 
"Running Make include in ps7_cortexa9_0/libsrc/coresightps_dcc_v1_5/src"
make -C ps7_cortexa9_0/libsrc/coresightps_dcc_v1_5/src -s include  "SHELL=CMD" "COMPILER=arm-none-eabi-gcc" "ARCHIVER=arm-none-eabi-ar" "COMPILER_FLAGS=  -O2 -c" "EXTRA_COMPILER_FLAGS=-mcpu=cortex-a9 -mfpu=vfpv3 -mfloat-abi=hard -nostartfiles -g -Wall -Wextra"
"Running Make include in ps7_cortexa9_0/libsrc/cpu_cortexa9_v2_7/src"
make -C ps7_cortexa9_0/libsrc/cpu_cortexa9_v2_7/src -s include  "SHELL=CMD" "COMPILER=arm-none-eabi-gcc" "ARCHIVER=arm-none-eabi-ar" "COMPILER_FLAGS=  -O2 -c" "EXTRA_COMPILER_FLAGS=-mcpu=cortex-a9 -mfpu=vfpv3 -mfloat-abi=hard -nostartfiles -g -Wall -Wextra"
"Running Make include in ps7_cortexa9_0/libsrc/ddrps_v1_0/src"
make -C ps7_cortexa9_0/libsrc/ddrps_v1_0/src -s include  "SHELL=CMD" "COMPILER=arm-none-eabi-gcc" "ARCHIVER=arm-none-eabi-ar" "COMPILER_FLAGS=  -O2 -c" "EXTRA_COMPILER_FLAGS=-mcpu=cortex-a9 -mfpu=vfpv3 -mfloat-abi=hard -nostartfiles -g -Wall -Wextra"
"Running Make include in ps7_cortexa9_0/libsrc/devcfg_v3_5/src"
make -C ps7_cortexa9_0/libsrc/devcfg_v3_5/src -s include  "SHELL=CMD" "COMPILER=arm-none-eabi-gcc" "ARCHIVER=arm-none-eabi-ar" "COMPILER_FLAGS=  -O2 -c" "EXTRA_COMPILER_FLAGS=-mcpu=cortex-a9 -mfpu=vfpv3 -mfloat-abi=hard -nostartfiles -g -Wall -Wextra"
"Running Make include in ps7_cortexa9_0/libsrc/dmaps_v2_4/src"
make -C ps7_cortexa9_0/libsrc/dmaps_v2_4/src -s include  "SHELL=CMD" "COMPILER=arm-none-eabi-gcc" "ARCHIVER=arm-none-eabi-ar" "COMPILER_FLAGS=  -O2 -c" "EXTRA_COMPILER_FLAGS=-mcpu=cortex-a9 -mfpu=vfpv3 -mfloat-abi=hard -nostartfiles -g -Wall -Wextra"
"Running Make include in ps7_cortexa9_0/libsrc/emacps_v3_9/src"
make -C ps7_cortexa9_0/libsrc/emacps_v3_9/src -s include  "SHELL=CMD" "COMPILER=arm-none-eabi-gcc" "ARCHIVER=arm-none-eabi-ar" "COMPILER_FLAGS=  -O2 -c" "EXTRA_COMPILER_FLAGS=-mcpu=cortex-a9 -mfpu=vfpv3 -mfloat-abi=hard -nostartfiles -g -Wall -Wextra"
"Running Make include in ps7_cortexa9_0/libsrc/gpiops_v3_5/src"
make -C ps7_cortexa9_0/libsrc/gpiops_v3_5/src -s include  "SHELL=CMD" "COMPILER=arm-none-eabi-gcc" "ARCHIVER=arm-none-eabi-ar" "COMPILER_FLAGS=  -O2 -c" "EXTRA_COMPILER_FLAGS=-mcpu=cortex-a9 -mfpu=vfpv3 -mfloat-abi=hard -nostartfiles -g -Wall -Wextra"
"Running Make include in ps7_cortexa9_0/libsrc/gpio_v4_4/src"
make -C ps7_cortexa9_0/libsrc/gpio_v4_4/src -s include  "SHELL=CMD" "COMPILER=arm-none-eabi-gcc" "ARCHIVER=arm-none-eabi-ar" "COMPILER_FLAGS=  -O2 -c" "EXTRA_COMPILER_FLAGS=-mcpu=cortex-a9 -mfpu=vfpv3 -mfloat-abi=hard -nostartfiles -g -Wall -Wextra"
"Running Make include in ps7_cortexa9_0/libsrc/iicps_v3_9/src"
make -C ps7_cortexa9_0/libsrc/iicps_v3_9/src -s include  "SHELL=CMD" "COMPILER=arm-none-eabi-gcc" "ARCHIVER=arm-none-eabi-ar" "COMPILER_FLAGS=  -O2 -c" "EXTRA_COMPILER_FLAGS=-mcpu=cortex-a9 -mfpu=vfpv3 -mfloat-abi=hard -nostartfiles -g -Wall -Wextra"
"Running Make include in ps7_cortexa9_0/libsrc/OrganSynth_v1_0/src"
make -C ps7_cortexa9_0/libsrc/OrganSynth_v1_0/src -s include  "SHELL=CMD" "COMPILER=arm-none-eabi-gcc" "ARCHIVER=arm-none-eabi-ar" "COMPILER_FLAGS=  -O2 -c" "EXTRA_COMPILER_FLAGS=-mcpu=cortex-a9 -mfpu=vfpv3 -mfloat-abi=hard -nostartfiles -g -Wall -Wextra"
"Running Make include in ps7_cortexa9_0/libsrc/qspips_v3_6/src"
make -C ps7_cortexa9_0/libsrc/qspips_v3_6/src -s include  "SHELL=CMD" "COMPILER=arm-none-eabi-gcc" "ARCHIVER=arm-none-eabi-ar" "COMPILER_FLAGS=  -O2 -c" "EXTRA_COMPILER_FLAGS=-mcpu=cortex-a9 -mfpu=vfpv3 -mfloat-abi=hard -nostartfiles -g -Wall -Wextra"
"Running Make include in ps7_cortexa9_0/libsrc/scugic_v4_0/src"
make -C ps7_cortexa9_0/libsrc/scugic_v4_0/src -s include  "SHELL=CMD" "COMPILER=arm-none-eabi-gcc" "ARCHIVER=arm-none-eabi-ar" "COMPILER_FLAGS=  -O2 -c" "EXTRA_COMPILER_FLAGS=-mcpu=cortex-a9 -mfpu=vfpv3 -mfloat-abi=hard -nostartfiles -g -Wall -Wextra"
"Running Make include in ps7_cortexa9_0/libsrc/scutimer_v2_1/src"
make -C ps7_cortexa9_0/libsrc/scutimer_v2_1/src -s include  "SHELL=CMD" "COMPILER=arm-none-eabi-gcc" "ARCHIVER=arm-none-eabi-ar" "COMPILER_FLAGS=  -O2 -c" "EXTRA_COMPILER_FLAGS=-mcpu=cortex-a9 -mfpu=vfpv3 -mfloat-abi=hard -nostartfiles -g -Wall -Wextra"
"Running Make include in ps7_cortexa9_0/libsrc/scuwdt_v2_1/src"
make -C ps7_cortexa9_0/libsrc/scuwdt_v2_1/src -s include  "SHELL=CMD" "COMPILER=arm-none-eabi-gcc" "ARCHIVER=arm-none-eabi-ar" "COMPILER_FLAGS=  -O2 -c" "EXTRA_COMPILER_FLAGS=-mcpu=cortex-a9 -mfpu=vfpv3 -mfloat-abi=hard -nostartfiles -g -Wall -Wextra"
"Running Make include in ps7_cortexa9_0/libsrc/sdps_v3_7/src"
make -C ps7_cortexa9_0/libsrc/sdps_v3_7/src -s include  "SHELL=CMD" "COMPILER=arm-none-eabi-gcc" "ARCHIVER=arm-none-eabi-ar" "COMPILER_FLAGS=  -O2 -c" "EXTRA_COMPILER_FLAGS=-mcpu=cortex-a9 -mfpu=vfpv3 -mfloat-abi=hard -nostartfiles -g -Wall -Wextra"
"Running Make include in ps7_cortexa9_0/libsrc/standalone_v7_0/src"
make -C ps7_cortexa9_0/libsrc/standalone_v7_0/src -s include  "SHELL=CMD" "COMPILER=arm-none-eabi-gcc" "ARCHIVER=arm-none-eabi-ar" "COMPILER_FLAGS=  -O2 -c" "EXTRA_COMPILER_FLAGS=-mcpu=cortex-a9 -mfpu=vfpv3 -mfloat-abi=hard -nostartfiles -g -Wall -Wextra"
"Running Make include in ps7_cortexa9_0/libsrc/tmrctr_v4_5/src"
make -C ps7_cortexa9_0/libsrc/tmrctr_v4_5/src -s include  "SHELL=CMD" "COMPILER=arm-none-eabi-gcc" "ARCHIVER=arm-none-eabi-ar" "COMPILER_FLAGS=  -O2 -c" "EXTRA_COMPILER_FLAGS=-mcpu=cortex-a9 -mfpu=vfpv3 -mfloat-abi=hard -nostartfiles -g -Wall -Wextra"
"Running Make include in ps7_cortexa9_0/libsrc/uartps_v3_7/src"
make -C ps7_cortexa9_0/libsrc/uartps_v3_7/src -s include  "SHELL=CMD" "COMPILER=arm-none-eabi-gcc" "ARCHIVER=arm-none-eabi-ar" "COMPILER_FLAGS=  -O2 -c" "EXTRA_COMPILER_FLAGS=-mcpu=cortex-a9 -mfpu=vfpv3 -mfloat-abi=hard -nostartfiles -g -Wall -Wextra"
"Running Make include in ps7_cortexa9_0/libsrc/usbps_v2_4/src"
make -C ps7_cortexa9_0/libsrc/usbps_v2_4/src -s include  "SHELL=CMD" "COMPILER=arm-none-eabi-gcc" "ARCHIVER=arm-none-eabi-ar" "COMPILER_FLAGS=  -O2 -c" "EXTRA_COMPILER_FLAGS=-mcpu=cortex-a9 -mfpu=vfpv3 -mfloat-abi=hard -nostartfiles -g -Wall -Wextra"
"Running Make include in ps7_cortexa9_0/libsrc/xadcps_v2_3/src"
make -C ps7_cortexa9_0/libsrc/xadcps_v2_3/src -s include  "SHELL=CMD" "COMPILER=arm-none-eabi-gcc" "ARCHIVER=arm-none-eabi-ar" "COMPILER_FLAGS=  -O2 -c" "EXTRA_COMPILER_FLAGS=-mcpu=cortex-a9 -mfpu=vfpv3 -mfloat-abi=hard -nostartfiles -g -Wall -Wextra"
"Running Make libs in ps7_cortexa9_0/libsrc/coresightps_dcc_v1_5/src"
make -C ps7_cortexa9_0/libsrc/coresightps_dcc_v1_5/src -s libs  "SHELL=CMD" "COMPILER=arm-none-eabi-gcc" "ARCHIVER=arm-none-eabi-ar" "COMPILER_FLAGS=  -O2 -c" "EXTRA_COMPILER_FLAGS=-mcpu=cortex-a9 -mfpu=vfpv3 -mfloat-abi=hard -nostartfiles -g -Wall -Wextra"
"Compiling coresightps_dcc"
arm-none-eabi-ar: creating ../../../lib/libxil.a
"Running Make libs in ps7_cortexa9_0/libsrc/cpu_cortexa9_v2_7/src"
make -C ps7_cortexa9_0/libsrc/cpu_cortexa9_v2_7/src -s libs  "SHELL=CMD" "COMPILER=arm-none-eabi-gcc" "ARCHIVER=arm-none-eabi-ar" "COMPILER_FLAGS=  -O2 -c" "EXTRA_COMPILER_FLAGS=-mcpu=cortex-a9 -mfpu=vfpv3 -mfloat-abi=hard -nostartfiles -g -Wall -Wextra"
"Compiling cpu_cortexa9"
"Running Make libs in ps7_cortexa9_0/libsrc/ddrps_v1_0/src"
make -C ps7_cortexa9_0/libsrc/ddrps_v1_0/src -s libs  "SHELL=CMD" "COMPILER=arm-none-eabi-gcc" "ARCHIVER=arm-none-eabi-ar" "COMPILER_FLAGS=  -O2 -c" "EXTRA_COMPILER_FLAGS=-mcpu=cortex-a9 -mfpu=vfpv3 -mfloat-abi=hard -nostartfiles -g -Wall -Wextra"
"Compiling ddrps"
"Running Make libs in ps7_cortexa9_0/libsrc/devcfg_v3_5/src"
make -C ps7_cortexa9_0/libsrc/devcfg_v3_5/src -s libs  "SHELL=CMD" "COMPILER=arm-none-eabi-gcc" "ARCHIVER=arm-none-eabi-ar" "COMPILER_FLAGS=  -O2 -c" "EXTRA_COMPILER_FLAGS=-mcpu=cortex-a9 -mfpu=vfpv3 -mfloat-abi=hard -nostartfiles -g -Wall -Wextra"
"Compiling devcfg"
"Running Make libs in ps7_cortexa9_0/libsrc/dmaps_v2_4/src"
make -C ps7_cortexa9_0/libsrc/dmaps_v2_4/src -s libs  "SHELL=CMD" "COMPILER=arm-none-eabi-gcc" "ARCHIVER=arm-none-eabi-ar" "COMPILER_FLAGS=  -O2 -c" "EXTRA_COMPILER_FLAGS=-mcpu=cortex-a9 -mfpu=vfpv3 -mfloat-abi=hard -nostartfiles -g -Wall -Wextra"
"Compiling dmaps"
"Running Make libs in ps7_cortexa9_0/libsrc/emacps_v3_9/src"
make -C ps7_cortexa9_0/libsrc/emacps_v3_9/src -s libs  "SHELL=CMD" "COMPILER=arm-none-eabi-gcc" "ARCHIVER=arm-none-eabi-ar" "COMPILER_FLAGS=  -O2 -c" "EXTRA_COMPILER_FLAGS=-mcpu=cortex-a9 -mfpu=vfpv3 -mfloat-abi=hard -nostartfiles -g -Wall -Wextra"
"Compiling emacps"
"Running Make libs in ps7_cortexa9_0/libsrc/gpiops_v3_5/src"
make -C ps7_cortexa9_0/libsrc/gpiops_v3_5/src -s libs  "SHELL=CMD" "COMPILER=arm-none-eabi-gcc" "ARCHIVER=arm-none-eabi-ar" "COMPILER_FLAGS=  -O2 -c" "EXTRA_COMPILER_FLAGS=-mcpu=cortex-a9 -mfpu=vfpv3 -mfloat-abi=hard -nostartfiles -g -Wall -Wextra"
"Compiling gpiops"
"Running Make libs in ps7_cortexa9_0/libsrc/gpio_v4_4/src"
make -C ps7_cortexa9_0/libsrc/gpio_v4_4/src -s libs  "SHELL=CMD" "COMPILER=arm-none-eabi-gcc" "ARCHIVER=arm-none-eabi-ar" "COMPILER_FLAGS=  -O2 -c" "EXTRA_COMPILER_FLAGS=-mcpu=cortex-a9 -mfpu=vfpv3 -mfloat-abi=hard -nostartfiles -g -Wall -Wextra"
"Compiling gpio"
"Running Make libs in ps7_cortexa9_0/libsrc/iicps_v3_9/src"
make -C ps7_cortexa9_0/libsrc/iicps_v3_9/src -s libs  "SHELL=CMD" "COMPILER=arm-none-eabi-gcc" "ARCHIVER=arm-none-eabi-ar" "COMPILER_FLAGS=  -O2 -c" "EXTRA_COMPILER_FLAGS=-mcpu=cortex-a9 -mfpu=vfpv3 -mfloat-abi=hard -nostartfiles -g -Wall -Wextra"
"Compiling iicps"
"Running Make libs in ps7_cortexa9_0/libsrc/OrganSynth_v1_0/src"
make -C ps7_cortexa9_0/libsrc/OrganSynth_v1_0/src -s libs  "SHELL=CMD" "COMPILER=arm-none-eabi-gcc" "ARCHIVER=arm-none-eabi-ar" "COMPILER_FLAGS=  -O2 -c" "EXTRA_COMPILER_FLAGS=-mcpu=cortex-a9 -mfpu=vfpv3 -mfloat-abi=hard -nostartfiles -g -Wall -Wextra"
"Compiling OrganSynth..."
OrganSynth_selftest.c: In function 'ORGANSYNTH_Reg_SelfTest':
OrganSynth_selftest.c:52:59: warning: comparison of integer expressions of different signedness: 'u32' {aka 'long unsigned int'} and 'int' [-Wsign-compare]
    if ( ORGANSYNTH_mReadReg (baseaddr, read_loop_index*4) != (read_loop_index+1)*READ_WRITE_MUL_FACTOR){
                                                           ^~
OrganSynth_selftest.c:36:6: warning: unused variable 'Index' [-Wunused-variable]
  int Index;
      ^~~~~
"Running Make libs in ps7_cortexa9_0/libsrc/qspips_v3_6/src"
make -C ps7_cortexa9_0/libsrc/qspips_v3_6/src -s libs  "SHELL=CMD" "COMPILER=arm-none-eabi-gcc" "ARCHIVER=arm-none-eabi-ar" "COMPILER_FLAGS=  -O2 -c" "EXTRA_COMPILER_FLAGS=-mcpu=cortex-a9 -mfpu=vfpv3 -mfloat-abi=hard -nostartfiles -g -Wall -Wextra"
"Compiling qspips"
"Running Make libs in ps7_cortexa9_0/libsrc/scugic_v4_0/src"
make -C ps7_cortexa9_0/libsrc/scugic_v4_0/src -s libs  "SHELL=CMD" "COMPILER=arm-none-eabi-gcc" "ARCHIVER=arm-none-eabi-ar" "COMPILER_FLAGS=  -O2 -c" "EXTRA_COMPILER_FLAGS=-mcpu=cortex-a9 -mfpu=vfpv3 -mfloat-abi=hard -nostartfiles -g -Wall -Wextra"
"Compiling scugic"
"Running Make libs in ps7_cortexa9_0/libsrc/scutimer_v2_1/src"
make -C ps7_cortexa9_0/libsrc/scutimer_v2_1/src -s libs  "SHELL=CMD" "COMPILER=arm-none-eabi-gcc" "ARCHIVER=arm-none-eabi-ar" "COMPILER_FLAGS=  -O2 -c" "EXTRA_COMPILER_FLAGS=-mcpu=cortex-a9 -mfpu=vfpv3 -mfloat-abi=hard -nostartfiles -g -Wall -Wextra"
"Compiling scutimer"
"Running Make libs in ps7_cortexa9_0/libsrc/scuwdt_v2_1/src"
make -C ps7_cortexa9_0/libsrc/scuwdt_v2_1/src -s libs  "SHELL=CMD" "COMPILER=arm-none-eabi-gcc" "ARCHIVER=arm-none-eabi-ar" "COMPILER_FLAGS=  -O2 -c" "EXTRA_COMPILER_FLAGS=-mcpu=cortex-a9 -mfpu=vfpv3 -mfloat-abi=hard -nostartfiles -g -Wall -Wextra"
"Compiling scuwdt"
"Running Make libs in ps7_cortexa9_0/libsrc/sdps_v3_7/src"
make -C ps7_cortexa9_0/libsrc/sdps_v3_7/src -s libs  "SHELL=CMD" "COMPILER=arm-none-eabi-gcc" "ARCHIVER=arm-none-eabi-ar" "COMPILER_FLAGS=  -O2 -c" "EXTRA_COMPILER_FLAGS=-mcpu=cortex-a9 -mfpu=vfpv3 -mfloat-abi=hard -nostartfiles -g -Wall -Wextra"
"Compiling sdps"
"Running Make libs in ps7_cortexa9_0/libsrc/standalone_v7_0/src"
make -C ps7_cortexa9_0/libsrc/standalone_v7_0/src -s libs  "SHELL=CMD" "COMPILER=arm-none-eabi-gcc" "ARCHIVER=arm-none-eabi-ar" "COMPILER_FLAGS=  -O2 -c" "EXTRA_COMPILER_FLAGS=-mcpu=cortex-a9 -mfpu=vfpv3 -mfloat-abi=hard -nostartfiles -g -Wall -Wextra"
"Compiling standalone"
In file included from usleep.c:56:
xtime_l.h:87:9: note: #pragma message: For the sleep routines, Global timer is being used
 #pragma message ("For the sleep routines, Global timer is being used")
         ^~~~~~~
In file included from xil_sleeptimer.c:51:
xtime_l.h:87:9: note: #pragma message: For the sleep routines, Global timer is being used
 #pragma message ("For the sleep routines, Global timer is being used")
         ^~~~~~~
In file included from xtime_l.c:49:
xtime_l.h:87:9: note: #pragma message: For the sleep routines, Global timer is being used
 #pragma message ("For the sleep routines, Global timer is being used")
         ^~~~~~~
In file included from sleep.c:53:
xtime_l.h:87:9: note: #pragma message: For the sleep routines, Global timer is being used
 #pragma message ("For the sleep routines, Global timer is being used")
         ^~~~~~~
"Running Make libs in ps7_cortexa9_0/libsrc/tmrctr_v4_5/src"
make -C ps7_cortexa9_0/libsrc/tmrctr_v4_5/src -s libs  "SHELL=CMD" "COMPILER=arm-none-eabi-gcc" "ARCHIVER=arm-none-eabi-ar" "COMPILER_FLAGS=  -O2 -c" "EXTRA_COMPILER_FLAGS=-mcpu=cortex-a9 -mfpu=vfpv3 -mfloat-abi=hard -nostartfiles -g -Wall -Wextra"
"Compiling tmrctr"
"Running Make libs in ps7_cortexa9_0/libsrc/uartps_v3_7/src"
make -C ps7_cortexa9_0/libsrc/uartps_v3_7/src -s libs  "SHELL=CMD" "COMPILER=arm-none-eabi-gcc" "ARCHIVER=arm-none-eabi-ar" "COMPILER_FLAGS=  -O2 -c" "EXTRA_COMPILER_FLAGS=-mcpu=cortex-a9 -mfpu=vfpv3 -mfloat-abi=hard -nostartfiles -g -Wall -Wextra"
"Compiling uartps"
"Running Make libs in ps7_cortexa9_0/libsrc/usbps_v2_4/src"
make -C ps7_cortexa9_0/libsrc/usbps_v2_4/src -s libs  "SHELL=CMD" "COMPILER=arm-none-eabi-gcc" "ARCHIVER=arm-none-eabi-ar" "COMPILER_FLAGS=  -O2 -c" "EXTRA_COMPILER_FLAGS=-mcpu=cortex-a9 -mfpu=vfpv3 -mfloat-abi=hard -nostartfiles -g -Wall -Wextra"
"Compiling usbps"
"Running Make libs in ps7_cortexa9_0/libsrc/xadcps_v2_3/src"
make -C ps7_cortexa9_0/libsrc/xadcps_v2_3/src -s libs  "SHELL=CMD" "COMPILER=arm-none-eabi-gcc" "ARCHIVER=arm-none-eabi-ar" "COMPILER_FLAGS=  -O2 -c" "EXTRA_COMPILER_FLAGS=-mcpu=cortex-a9 -mfpu=vfpv3 -mfloat-abi=hard -nostartfiles -g -Wall -Wextra"
"Compiling xadcps"
'Finished building libraries'

**** Build of configuration Debug for project Synthesizer ****

Nothing to build for project Synthesizer

****  of configuration Debug for project Synthesizer ****

Nothing to build for project Synthesizer
19:04:04 **** Auto Build of configuration Debug for project Synthesizer ****
make pre-build main-build 
a9-linaro-pre-build-step
' '
'Building file: ../src/audio.c'
'Invoking: ARM v7 gcc compiler'
arm-none-eabi-gcc -Wall -O0 -g3 -c -fmessage-length=0 -MT"src/audio.o" -mcpu=cortex-a9 -mfpu=vfpv3 -mfloat-abi=hard -I../../Synthesizer_bsp/ps7_cortexa9_0/include -MMD -MP -MF"src/audio.d" -MT"src/audio.o" -o "src/audio.o" "../src/audio.c"
'Finished building: ../src/audio.c'
' '
'Building file: ../src/init.c'
'Invoking: ARM v7 gcc compiler'
arm-none-eabi-gcc -Wall -O0 -g3 -c -fmessage-length=0 -MT"src/init.o" -mcpu=cortex-a9 -mfpu=vfpv3 -mfloat-abi=hard -I../../Synthesizer_bsp/ps7_cortexa9_0/include -MMD -MP -MF"src/init.d" -MT"src/init.o" -o "src/init.o" "../src/init.c"
../src/init.c: In function 'Timer_Init':
../src/init.c:48:31: warning: passing argument 2 of 'XTmrCtr_SetHandler' from incompatible pointer type [-Wincompatible-pointer-types]
  XTmrCtr_SetHandler(&TMRInst, TMR_Intr_Handler, &TMRInst);
                               ^~~~~~~~~~~~~~~~
In file included from ../src/init.h:14,
                 from ../src/init.c:5:
../../Synthesizer_bsp/ps7_cortexa9_0/include/xtmrctr.h:317:64: note: expected 'XTmrCtr_Handler' {aka 'void (*)(void *, unsigned char)'} but argument is of type 'void (*)(void *)'
 void XTmrCtr_SetHandler(XTmrCtr * InstancePtr, XTmrCtr_Handler FuncPtr,
                                                ~~~~~~~~~~~~~~~~^~~~~~~
'Finished building: ../src/init.c'
' '
'Building file: ../src/intc_handler.c'
'Invoking: ARM v7 gcc compiler'
arm-none-eabi-gcc -Wall -O0 -g3 -c -fmessage-length=0 -MT"src/intc_handler.o" -mcpu=cortex-a9 -mfpu=vfpv3 -mfloat-abi=hard -I../../Synthesizer_bsp/ps7_cortexa9_0/include -MMD -MP -MF"src/intc_handler.d" -MT"src/intc_handler.o" -o "src/intc_handler.o" "../src/intc_handler.c"
'Finished building: ../src/intc_handler.c'
' '
'Building file: ../src/test.c'
'Invoking: ARM v7 gcc compiler'
arm-none-eabi-gcc -Wall -O0 -g3 -c -fmessage-length=0 -MT"src/test.o" -mcpu=cortex-a9 -mfpu=vfpv3 -mfloat-abi=hard -I../../Synthesizer_bsp/ps7_cortexa9_0/include -MMD -MP -MF"src/test.d" -MT"src/test.o" -o "src/test.o" "../src/test.c"
'Finished building: ../src/test.c'
' '
'Building target: Synthesizer.elf'
'Invoking: ARM v7 gcc linker'
arm-none-eabi-gcc -mcpu=cortex-a9 -mfpu=vfpv3 -mfloat-abi=hard -Wl,-build-id=none -specs=Xilinx.spec -Wl,-T -Wl,../src/lscript.ld -L../../Synthesizer_bsp/ps7_cortexa9_0/lib -o "Synthesizer.elf"  ./src/audio.o ./src/init.o ./src/intc_handler.o ./src/test.o   -Wl,--start-group,-lxil,-lgcc,-lc,--end-group
'Finished building target: Synthesizer.elf'
' '
'Invoking: ARM v7 Print Size'
arm-none-eabi-size Synthesizer.elf  |tee "Synthesizer.elf.size"
   text	   data	    bss	    dec	    hex	filename
  48356	   6072	  23480	  77908	  13054	Synthesizer.elf
'Finished building: Synthesizer.elf.size'
' '
19:04:24 **** Auto Build of configuration Debug for project Synthesizer ****
make pre-build main-build 
a9-linaro-pre-build-step
' '
'Building file: ../src/intc_handler.c'
'Invoking: ARM v7 gcc compiler'
arm-none-eabi-gcc -Wall -O0 -g3 -c -fmessage-length=0 -MT"src/intc_handler.o" -mcpu=cortex-a9 -mfpu=vfpv3 -mfloat-abi=hard -I../../Synthesizer_bsp/ps7_cortexa9_0/include -MMD -MP -MF"src/intc_handler.d" -MT"src/intc_handler.o" -o "src/intc_handler.o" "../src/intc_handler.c"
'Finished building: ../src/intc_handler.c'
' '
'Building target: Synthesizer.elf'
'Invoking: ARM v7 gcc linker'
arm-none-eabi-gcc -mcpu=cortex-a9 -mfpu=vfpv3 -mfloat-abi=hard -Wl,-build-id=none -specs=Xilinx.spec -Wl,-T -Wl,../src/lscript.ld -L../../Synthesizer_bsp/ps7_cortexa9_0/lib -o "Synthesizer.elf"  ./src/audio.o ./src/init.o ./src/intc_handler.o ./src/test.o   -Wl,--start-group,-lxil,-lgcc,-lc,--end-group
'Finished building target: Synthesizer.elf'
' '
'Invoking: ARM v7 Print Size'
arm-none-eabi-size Synthesizer.elf  |tee "Synthesizer.elf.size"
   text	   data	    bss	    dec	    hex	filename
  48356	   6072	  23480	  77908	  13054	Synthesizer.elf
'Finished building: Synthesizer.elf.size'
' '
19:04:48 **** Auto Build of configuration Debug for project Synthesizer ****
make pre-build main-build 
a9-linaro-pre-build-step
' '
'Building file: ../src/intc_handler.c'
'Invoking: ARM v7 gcc compiler'
arm-none-eabi-gcc -Wall -O0 -g3 -c -fmessage-length=0 -MT"src/intc_handler.o" -mcpu=cortex-a9 -mfpu=vfpv3 -mfloat-abi=hard -I../../Synthesizer_bsp/ps7_cortexa9_0/include -MMD -MP -MF"src/intc_handler.d" -MT"src/intc_handler.o" -o "src/intc_handler.o" "../src/intc_handler.c"
'Finished building: ../src/intc_handler.c'
' '
'Building target: Synthesizer.elf'
'Invoking: ARM v7 gcc linker'
arm-none-eabi-gcc -mcpu=cortex-a9 -mfpu=vfpv3 -mfloat-abi=hard -Wl,-build-id=none -specs=Xilinx.spec -Wl,-T -Wl,../src/lscript.ld -L../../Synthesizer_bsp/ps7_cortexa9_0/lib -o "Synthesizer.elf"  ./src/audio.o ./src/init.o ./src/intc_handler.o ./src/test.o   -Wl,--start-group,-lxil,-lgcc,-lc,--end-group
'Finished building target: Synthesizer.elf'
' '
'Invoking: ARM v7 Print Size'
arm-none-eabi-size Synthesizer.elf  |tee "Synthesizer.elf.size"
   text	   data	    bss	    dec	    hex	filename
  48356	   6072	  23480	  77908	  13054	Synthesizer.elf
'Finished building: Synthesizer.elf.size'
' '
19:04:53 **** Auto Build of configuration Debug for project Synthesizer ****
make pre-build main-build 
a9-linaro-pre-build-step
' '
'Building file: ../src/intc_handler.c'
'Invoking: ARM v7 gcc compiler'
arm-none-eabi-gcc -Wall -O0 -g3 -c -fmessage-length=0 -MT"src/intc_handler.o" -mcpu=cortex-a9 -mfpu=vfpv3 -mfloat-abi=hard -I../../Synthesizer_bsp/ps7_cortexa9_0/include -MMD -MP -MF"src/intc_handler.d" -MT"src/intc_handler.o" -o "src/intc_handler.o" "../src/intc_handler.c"
'Finished building: ../src/intc_handler.c'
' '
'Building target: Synthesizer.elf'
'Invoking: ARM v7 gcc linker'
arm-none-eabi-gcc -mcpu=cortex-a9 -mfpu=vfpv3 -mfloat-abi=hard -Wl,-build-id=none -specs=Xilinx.spec -Wl,-T -Wl,../src/lscript.ld -L../../Synthesizer_bsp/ps7_cortexa9_0/lib -o "Synthesizer.elf"  ./src/audio.o ./src/init.o ./src/intc_handler.o ./src/test.o   -Wl,--start-group,-lxil,-lgcc,-lc,--end-group
'Finished building target: Synthesizer.elf'
' '
'Invoking: ARM v7 Print Size'
arm-none-eabi-size Synthesizer.elf  |tee "Synthesizer.elf.size"
   text	   data	    bss	    dec	    hex	filename
  48356	   5232	  23480	  77068	  12d0c	Synthesizer.elf
'Finished building: Synthesizer.elf.size'
' '
19:04:55 **** Incremental Build of configuration Debug for project Synthesizer ****
make pre-build main-build 
a9-linaro-pre-build-step
' '
make: Nothing to be done for 'main-build'.
19:05:12 **** Incremental Build of configuration Debug for project Synthesizer ****
make pre-build main-build 
a9-linaro-pre-build-step
' '
make: Nothing to be done for 'main-build'.
19:05:30 **** Auto Build of configuration Debug for project Synthesizer ****
make pre-build main-build 
a9-linaro-pre-build-step
' '
'Building file: ../src/intc_handler.c'
'Invoking: ARM v7 gcc compiler'
arm-none-eabi-gcc -Wall -O0 -g3 -c -fmessage-length=0 -MT"src/intc_handler.o" -mcpu=cortex-a9 -mfpu=vfpv3 -mfloat-abi=hard -I../../Synthesizer_bsp/ps7_cortexa9_0/include -MMD -MP -MF"src/intc_handler.d" -MT"src/intc_handler.o" -o "src/intc_handler.o" "../src/intc_handler.c"
'Finished building: ../src/intc_handler.c'
' '
'Building target: Synthesizer.elf'
'Invoking: ARM v7 gcc linker'
arm-none-eabi-gcc -mcpu=cortex-a9 -mfpu=vfpv3 -mfloat-abi=hard -Wl,-build-id=none -specs=Xilinx.spec -Wl,-T -Wl,../src/lscript.ld -L../../Synthesizer_bsp/ps7_cortexa9_0/lib -o "Synthesizer.elf"  ./src/audio.o ./src/init.o ./src/intc_handler.o ./src/test.o   -Wl,--start-group,-lxil,-lgcc,-lc,--end-group
'Finished building target: Synthesizer.elf'
' '
'Invoking: ARM v7 Print Size'
arm-none-eabi-size Synthesizer.elf  |tee "Synthesizer.elf.size"
   text	   data	    bss	    dec	    hex	filename
  48356	   5056	  23480	  76892	  12c5c	Synthesizer.elf
'Finished building: Synthesizer.elf.size'
' '
19:05:45 **** Auto Build of configuration Debug for project Synthesizer ****
make pre-build main-build 
a9-linaro-pre-build-step
' '
'Building file: ../src/intc_handler.c'
'Invoking: ARM v7 gcc compiler'
arm-none-eabi-gcc -Wall -O0 -g3 -c -fmessage-length=0 -MT"src/intc_handler.o" -mcpu=cortex-a9 -mfpu=vfpv3 -mfloat-abi=hard -I../../Synthesizer_bsp/ps7_cortexa9_0/include -MMD -MP -MF"src/intc_handler.d" -MT"src/intc_handler.o" -o "src/intc_handler.o" "../src/intc_handler.c"
'Finished building: ../src/intc_handler.c'
' '
'Building target: Synthesizer.elf'
'Invoking: ARM v7 gcc linker'
arm-none-eabi-gcc -mcpu=cortex-a9 -mfpu=vfpv3 -mfloat-abi=hard -Wl,-build-id=none -specs=Xilinx.spec -Wl,-T -Wl,../src/lscript.ld -L../../Synthesizer_bsp/ps7_cortexa9_0/lib -o "Synthesizer.elf"  ./src/audio.o ./src/init.o ./src/intc_handler.o ./src/test.o   -Wl,--start-group,-lxil,-lgcc,-lc,--end-group
'Finished building target: Synthesizer.elf'
' '
'Invoking: ARM v7 Print Size'
arm-none-eabi-size Synthesizer.elf  |tee "Synthesizer.elf.size"
   text	   data	    bss	    dec	    hex	filename
  48356	   5056	  23480	  76892	  12c5c	Synthesizer.elf
'Finished building: Synthesizer.elf.size'
' '
19:05:47 **** Incremental Build of configuration Debug for project Synthesizer ****
make pre-build main-build 
a9-linaro-pre-build-step
' '
make: Nothing to be done for 'main-build'.
19:06:40 **** Auto Build of configuration Debug for project Synthesizer ****
make pre-build main-build 
a9-linaro-pre-build-step
' '
'Building file: ../src/intc_handler.c'
'Invoking: ARM v7 gcc compiler'
arm-none-eabi-gcc -Wall -O0 -g3 -c -fmessage-length=0 -MT"src/intc_handler.o" -mcpu=cortex-a9 -mfpu=vfpv3 -mfloat-abi=hard -I../../Synthesizer_bsp/ps7_cortexa9_0/include -MMD -MP -MF"src/intc_handler.d" -MT"src/intc_handler.o" -o "src/intc_handler.o" "../src/intc_handler.c"
'Finished building: ../src/intc_handler.c'
' '
'Building target: Synthesizer.elf'
'Invoking: ARM v7 gcc linker'
arm-none-eabi-gcc -mcpu=cortex-a9 -mfpu=vfpv3 -mfloat-abi=hard -Wl,-build-id=none -specs=Xilinx.spec -Wl,-T -Wl,../src/lscript.ld -L../../Synthesizer_bsp/ps7_cortexa9_0/lib -o "Synthesizer.elf"  ./src/audio.o ./src/init.o ./src/intc_handler.o ./src/test.o   -Wl,--start-group,-lxil,-lgcc,-lc,--end-group
'Finished building target: Synthesizer.elf'
' '
'Invoking: ARM v7 Print Size'
arm-none-eabi-size Synthesizer.elf  |tee "Synthesizer.elf.size"
   text	   data	    bss	    dec	    hex	filename
  48356	   5016	  23480	  76852	  12c34	Synthesizer.elf
'Finished building: Synthesizer.elf.size'
' '
19:06:42 **** Incremental Build of configuration Debug for project Synthesizer ****
make pre-build main-build 
a9-linaro-pre-build-step
' '
make: Nothing to be done for 'main-build'.
19:07:29 **** Auto Build of configuration Debug for project Synthesizer ****
make pre-build main-build 
a9-linaro-pre-build-step
' '
'Building file: ../src/intc_handler.c'
'Invoking: ARM v7 gcc compiler'
arm-none-eabi-gcc -Wall -O0 -g3 -c -fmessage-length=0 -MT"src/intc_handler.o" -mcpu=cortex-a9 -mfpu=vfpv3 -mfloat-abi=hard -I../../Synthesizer_bsp/ps7_cortexa9_0/include -MMD -MP -MF"src/intc_handler.d" -MT"src/intc_handler.o" -o "src/intc_handler.o" "../src/intc_handler.c"
'Finished building: ../src/intc_handler.c'
' '
'Building target: Synthesizer.elf'
'Invoking: ARM v7 gcc linker'
arm-none-eabi-gcc -mcpu=cortex-a9 -mfpu=vfpv3 -mfloat-abi=hard -Wl,-build-id=none -specs=Xilinx.spec -Wl,-T -Wl,../src/lscript.ld -L../../Synthesizer_bsp/ps7_cortexa9_0/lib -o "Synthesizer.elf"  ./src/audio.o ./src/init.o ./src/intc_handler.o ./src/test.o   -Wl,--start-group,-lxil,-lgcc,-lc,--end-group
'Finished building target: Synthesizer.elf'
' '
'Invoking: ARM v7 Print Size'
arm-none-eabi-size Synthesizer.elf  |tee "Synthesizer.elf.size"
   text	   data	    bss	    dec	    hex	filename
  48356	   6072	  23480	  77908	  13054	Synthesizer.elf
'Finished building: Synthesizer.elf.size'
' '
19:07:31 **** Incremental Build of configuration Debug for project Synthesizer ****
make pre-build main-build 
a9-linaro-pre-build-step
' '
make: Nothing to be done for 'main-build'.
19:12:55 **** Incremental Build of configuration Debug for project Synthesizer ****
make pre-build main-build 
a9-linaro-pre-build-step
' '
'Building file: ../src/intc_handler.c'
'Invoking: ARM v7 gcc compiler'
arm-none-eabi-gcc -Wall -O0 -g3 -c -fmessage-length=0 -MT"src/intc_handler.o" -mcpu=cortex-a9 -mfpu=vfpv3 -mfloat-abi=hard -I../../Synthesizer_bsp/ps7_cortexa9_0/include -MMD -MP -MF"src/intc_handler.d" -MT"src/intc_handler.o" -o "src/intc_handler.o" "../src/intc_handler.c"
'Finished building: ../src/intc_handler.c'
' '
'Building target: Synthesizer.elf'
'Invoking: ARM v7 gcc linker'
arm-none-eabi-gcc -mcpu=cortex-a9 -mfpu=vfpv3 -mfloat-abi=hard -Wl,-build-id=none -specs=Xilinx.spec -Wl,-T -Wl,../src/lscript.ld -L../../Synthesizer_bsp/ps7_cortexa9_0/lib -o "Synthesizer.elf"  ./src/audio.o ./src/init.o ./src/intc_handler.o ./src/test.o   -Wl,--start-group,-lxil,-lgcc,-lc,--end-group
'Finished building target: Synthesizer.elf'
' '
'Invoking: ARM v7 Print Size'
arm-none-eabi-size Synthesizer.elf  |tee "Synthesizer.elf.size"
   text	   data	    bss	    dec	    hex	filename
  48356	   5232	  23480	  77068	  12d0c	Synthesizer.elf
'Finished building: Synthesizer.elf.size'
' '
19:14:27 **** Auto Build of configuration Debug for project Synthesizer ****
make pre-build main-build 
a9-linaro-pre-build-step
' '
'Building file: ../src/intc_handler.c'
'Invoking: ARM v7 gcc compiler'
arm-none-eabi-gcc -Wall -O0 -g3 -c -fmessage-length=0 -MT"src/intc_handler.o" -mcpu=cortex-a9 -mfpu=vfpv3 -mfloat-abi=hard -I../../Synthesizer_bsp/ps7_cortexa9_0/include -MMD -MP -MF"src/intc_handler.d" -MT"src/intc_handler.o" -o "src/intc_handler.o" "../src/intc_handler.c"
'Finished building: ../src/intc_handler.c'
' '
'Building target: Synthesizer.elf'
'Invoking: ARM v7 gcc linker'
arm-none-eabi-gcc -mcpu=cortex-a9 -mfpu=vfpv3 -mfloat-abi=hard -Wl,-build-id=none -specs=Xilinx.spec -Wl,-T -Wl,../src/lscript.ld -L../../Synthesizer_bsp/ps7_cortexa9_0/lib -o "Synthesizer.elf"  ./src/audio.o ./src/init.o ./src/intc_handler.o ./src/test.o   -Wl,--start-group,-lxil,-lgcc,-lc,--end-group
'Finished building target: Synthesizer.elf'
' '
'Invoking: ARM v7 Print Size'
arm-none-eabi-size Synthesizer.elf  |tee "Synthesizer.elf.size"
   text	   data	    bss	    dec	    hex	filename
  48356	   6600	  23480	  78436	  13264	Synthesizer.elf
'Finished building: Synthesizer.elf.size'
' '
19:14:30 **** Incremental Build of configuration Debug for project Synthesizer ****
make pre-build main-build 
a9-linaro-pre-build-step
' '
make: Nothing to be done for 'main-build'.
19:15:08 **** Auto Build of configuration Debug for project Synthesizer ****
make pre-build main-build 
a9-linaro-pre-build-step
' '
'Building file: ../src/intc_handler.c'
'Invoking: ARM v7 gcc compiler'
arm-none-eabi-gcc -Wall -O0 -g3 -c -fmessage-length=0 -MT"src/intc_handler.o" -mcpu=cortex-a9 -mfpu=vfpv3 -mfloat-abi=hard -I../../Synthesizer_bsp/ps7_cortexa9_0/include -MMD -MP -MF"src/intc_handler.d" -MT"src/intc_handler.o" -o "src/intc_handler.o" "../src/intc_handler.c"
'Finished building: ../src/intc_handler.c'
' '
'Building target: Synthesizer.elf'
'Invoking: ARM v7 gcc linker'
arm-none-eabi-gcc -mcpu=cortex-a9 -mfpu=vfpv3 -mfloat-abi=hard -Wl,-build-id=none -specs=Xilinx.spec -Wl,-T -Wl,../src/lscript.ld -L../../Synthesizer_bsp/ps7_cortexa9_0/lib -o "Synthesizer.elf"  ./src/audio.o ./src/init.o ./src/intc_handler.o ./src/test.o   -Wl,--start-group,-lxil,-lgcc,-lc,--end-group
'Finished building target: Synthesizer.elf'
' '
'Invoking: ARM v7 Print Size'
arm-none-eabi-size Synthesizer.elf  |tee "Synthesizer.elf.size"
   text	   data	    bss	    dec	    hex	filename
  48356	   5632	  23480	  77468	  12e9c	Synthesizer.elf
'Finished building: Synthesizer.elf.size'
' '
19:15:10 **** Incremental Build of configuration Debug for project Synthesizer ****
make pre-build main-build 
a9-linaro-pre-build-step
' '
make: Nothing to be done for 'main-build'.
19:15:56 **** Auto Build of configuration Debug for project Synthesizer ****
make pre-build main-build 
a9-linaro-pre-build-step
' '
'Building file: ../src/intc_handler.c'
'Invoking: ARM v7 gcc compiler'
arm-none-eabi-gcc -Wall -O0 -g3 -c -fmessage-length=0 -MT"src/intc_handler.o" -mcpu=cortex-a9 -mfpu=vfpv3 -mfloat-abi=hard -I../../Synthesizer_bsp/ps7_cortexa9_0/include -MMD -MP -MF"src/intc_handler.d" -MT"src/intc_handler.o" -o "src/intc_handler.o" "../src/intc_handler.c"
'Finished building: ../src/intc_handler.c'
' '
'Building target: Synthesizer.elf'
'Invoking: ARM v7 gcc linker'
arm-none-eabi-gcc -mcpu=cortex-a9 -mfpu=vfpv3 -mfloat-abi=hard -Wl,-build-id=none -specs=Xilinx.spec -Wl,-T -Wl,../src/lscript.ld -L../../Synthesizer_bsp/ps7_cortexa9_0/lib -o "Synthesizer.elf"  ./src/audio.o ./src/init.o ./src/intc_handler.o ./src/test.o   -Wl,--start-group,-lxil,-lgcc,-lc,--end-group
'Finished building target: Synthesizer.elf'
' '
'Invoking: ARM v7 Print Size'
arm-none-eabi-size Synthesizer.elf  |tee "Synthesizer.elf.size"
   text	   data	    bss	    dec	    hex	filename
  48356	   9104	  23480	  80940	  13c2c	Synthesizer.elf
'Finished building: Synthesizer.elf.size'
' '
19:15:59 **** Incremental Build of configuration Debug for project Synthesizer ****
make pre-build main-build 
a9-linaro-pre-build-step
' '
make: Nothing to be done for 'main-build'.
19:16:52 **** Auto Build of configuration Debug for project Synthesizer ****
make pre-build main-build 
a9-linaro-pre-build-step
' '
'Building file: ../src/intc_handler.c'
'Invoking: ARM v7 gcc compiler'
arm-none-eabi-gcc -Wall -O0 -g3 -c -fmessage-length=0 -MT"src/intc_handler.o" -mcpu=cortex-a9 -mfpu=vfpv3 -mfloat-abi=hard -I../../Synthesizer_bsp/ps7_cortexa9_0/include -MMD -MP -MF"src/intc_handler.d" -MT"src/intc_handler.o" -o "src/intc_handler.o" "../src/intc_handler.c"
'Finished building: ../src/intc_handler.c'
' '
'Building target: Synthesizer.elf'
'Invoking: ARM v7 gcc linker'
arm-none-eabi-gcc -mcpu=cortex-a9 -mfpu=vfpv3 -mfloat-abi=hard -Wl,-build-id=none -specs=Xilinx.spec -Wl,-T -Wl,../src/lscript.ld -L../../Synthesizer_bsp/ps7_cortexa9_0/lib -o "Synthesizer.elf"  ./src/audio.o ./src/init.o ./src/intc_handler.o ./src/test.o   -Wl,--start-group,-lxil,-lgcc,-lc,--end-group
'Finished building target: Synthesizer.elf'
' '
'Invoking: ARM v7 Print Size'
arm-none-eabi-size Synthesizer.elf  |tee "Synthesizer.elf.size"
   text	   data	    bss	    dec	    hex	filename
  48356	   8400	  23480	  80236	  1396c	Synthesizer.elf
'Finished building: Synthesizer.elf.size'
' '
19:16:54 **** Incremental Build of configuration Debug for project Synthesizer ****
make pre-build main-build 
a9-linaro-pre-build-step
' '
make: Nothing to be done for 'main-build'.
19:17:41 **** Auto Build of configuration Debug for project Synthesizer ****
make pre-build main-build 
a9-linaro-pre-build-step
' '
'Building file: ../src/intc_handler.c'
'Invoking: ARM v7 gcc compiler'
arm-none-eabi-gcc -Wall -O0 -g3 -c -fmessage-length=0 -MT"src/intc_handler.o" -mcpu=cortex-a9 -mfpu=vfpv3 -mfloat-abi=hard -I../../Synthesizer_bsp/ps7_cortexa9_0/include -MMD -MP -MF"src/intc_handler.d" -MT"src/intc_handler.o" -o "src/intc_handler.o" "../src/intc_handler.c"
'Finished building: ../src/intc_handler.c'
' '
'Building target: Synthesizer.elf'
'Invoking: ARM v7 gcc linker'
arm-none-eabi-gcc -mcpu=cortex-a9 -mfpu=vfpv3 -mfloat-abi=hard -Wl,-build-id=none -specs=Xilinx.spec -Wl,-T -Wl,../src/lscript.ld -L../../Synthesizer_bsp/ps7_cortexa9_0/lib -o "Synthesizer.elf"  ./src/audio.o ./src/init.o ./src/intc_handler.o ./src/test.o   -Wl,--start-group,-lxil,-lgcc,-lc,--end-group
'Finished building target: Synthesizer.elf'
' '
'Invoking: ARM v7 Print Size'
arm-none-eabi-size Synthesizer.elf  |tee "Synthesizer.elf.size"
   text	   data	    bss	    dec	    hex	filename
  48356	   9456	  23480	  81292	  13d8c	Synthesizer.elf
'Finished building: Synthesizer.elf.size'
' '
19:17:44 **** Incremental Build of configuration Debug for project Synthesizer ****
make pre-build main-build 
a9-linaro-pre-build-step
' '
make: Nothing to be done for 'main-build'.
19:18:23 **** Auto Build of configuration Debug for project Synthesizer ****
make pre-build main-build 
a9-linaro-pre-build-step
' '
'Building file: ../src/intc_handler.c'
'Invoking: ARM v7 gcc compiler'
arm-none-eabi-gcc -Wall -O0 -g3 -c -fmessage-length=0 -MT"src/intc_handler.o" -mcpu=cortex-a9 -mfpu=vfpv3 -mfloat-abi=hard -I../../Synthesizer_bsp/ps7_cortexa9_0/include -MMD -MP -MF"src/intc_handler.d" -MT"src/intc_handler.o" -o "src/intc_handler.o" "../src/intc_handler.c"
'Finished building: ../src/intc_handler.c'
' '
'Building target: Synthesizer.elf'
'Invoking: ARM v7 gcc linker'
arm-none-eabi-gcc -mcpu=cortex-a9 -mfpu=vfpv3 -mfloat-abi=hard -Wl,-build-id=none -specs=Xilinx.spec -Wl,-T -Wl,../src/lscript.ld -L../../Synthesizer_bsp/ps7_cortexa9_0/lib -o "Synthesizer.elf"  ./src/audio.o ./src/init.o ./src/intc_handler.o ./src/test.o   -Wl,--start-group,-lxil,-lgcc,-lc,--end-group
'Finished building target: Synthesizer.elf'
' '
'Invoking: ARM v7 Print Size'
arm-none-eabi-size Synthesizer.elf  |tee "Synthesizer.elf.size"
   text	   data	    bss	    dec	    hex	filename
  48356	   7744	  23480	  79580	  136dc	Synthesizer.elf
'Finished building: Synthesizer.elf.size'
' '
19:18:27 **** Incremental Build of configuration Debug for project Synthesizer ****
make pre-build main-build 
a9-linaro-pre-build-step
' '
make: Nothing to be done for 'main-build'.
19:36:36 **** Auto Build of configuration Debug for project Synthesizer ****
make pre-build main-build 
a9-linaro-pre-build-step
' '
'Building file: ../src/intc_handler.c'
'Invoking: ARM v7 gcc compiler'
arm-none-eabi-gcc -Wall -O0 -g3 -c -fmessage-length=0 -MT"src/intc_handler.o" -mcpu=cortex-a9 -mfpu=vfpv3 -mfloat-abi=hard -I../../Synthesizer_bsp/ps7_cortexa9_0/include -MMD -MP -MF"src/intc_handler.d" -MT"src/intc_handler.o" -o "src/intc_handler.o" "../src/intc_handler.c"
'Finished building: ../src/intc_handler.c'
' '
'Building target: Synthesizer.elf'
'Invoking: ARM v7 gcc linker'
arm-none-eabi-gcc -mcpu=cortex-a9 -mfpu=vfpv3 -mfloat-abi=hard -Wl,-build-id=none -specs=Xilinx.spec -Wl,-T -Wl,../src/lscript.ld -L../../Synthesizer_bsp/ps7_cortexa9_0/lib -o "Synthesizer.elf"  ./src/audio.o ./src/init.o ./src/intc_handler.o ./src/test.o   -Wl,--start-group,-lxil,-lgcc,-lc,--end-group
'Finished building target: Synthesizer.elf'
' '
'Invoking: ARM v7 Print Size'
arm-none-eabi-size Synthesizer.elf  |tee "Synthesizer.elf.size"
   text	   data	    bss	    dec	    hex	filename
  48356	   3824	  23480	  75660	  1278c	Synthesizer.elf
'Finished building: Synthesizer.elf.size'
' '
19:36:41 **** Incremental Build of configuration Debug for project Synthesizer ****
make pre-build main-build 
a9-linaro-pre-build-step
' '
make: Nothing to be done for 'main-build'.
19:37:07 **** Auto Build of configuration Debug for project Synthesizer ****
make pre-build main-build 
a9-linaro-pre-build-step
' '
'Building file: ../src/intc_handler.c'
'Invoking: ARM v7 gcc compiler'
arm-none-eabi-gcc -Wall -O0 -g3 -c -fmessage-length=0 -MT"src/intc_handler.o" -mcpu=cortex-a9 -mfpu=vfpv3 -mfloat-abi=hard -I../../Synthesizer_bsp/ps7_cortexa9_0/include -MMD -MP -MF"src/intc_handler.d" -MT"src/intc_handler.o" -o "src/intc_handler.o" "../src/intc_handler.c"
'Finished building: ../src/intc_handler.c'
' '
'Building target: Synthesizer.elf'
'Invoking: ARM v7 gcc linker'
arm-none-eabi-gcc -mcpu=cortex-a9 -mfpu=vfpv3 -mfloat-abi=hard -Wl,-build-id=none -specs=Xilinx.spec -Wl,-T -Wl,../src/lscript.ld -L../../Synthesizer_bsp/ps7_cortexa9_0/lib -o "Synthesizer.elf"  ./src/audio.o ./src/init.o ./src/intc_handler.o ./src/test.o   -Wl,--start-group,-lxil,-lgcc,-lc,--end-group
'Finished building target: Synthesizer.elf'
' '
'Invoking: ARM v7 Print Size'
arm-none-eabi-size Synthesizer.elf  |tee "Synthesizer.elf.size"
   text	   data	    bss	    dec	    hex	filename
  48356	   6952	  23480	  78788	  133c4	Synthesizer.elf
'Finished building: Synthesizer.elf.size'
' '
19:37:09 **** Incremental Build of configuration Debug for project Synthesizer ****
make pre-build main-build 
a9-linaro-pre-build-step
' '
make: Nothing to be done for 'main-build'.
19:41:09 **** Auto Build of configuration Debug for project Synthesizer ****
make pre-build main-build 
a9-linaro-pre-build-step
' '
'Building file: ../src/intc_handler.c'
'Invoking: ARM v7 gcc compiler'
arm-none-eabi-gcc -Wall -O0 -g3 -c -fmessage-length=0 -MT"src/intc_handler.o" -mcpu=cortex-a9 -mfpu=vfpv3 -mfloat-abi=hard -I../../Synthesizer_bsp/ps7_cortexa9_0/include -MMD -MP -MF"src/intc_handler.d" -MT"src/intc_handler.o" -o "src/intc_handler.o" "../src/intc_handler.c"
'Finished building: ../src/intc_handler.c'
' '
'Building target: Synthesizer.elf'
'Invoking: ARM v7 gcc linker'
arm-none-eabi-gcc -mcpu=cortex-a9 -mfpu=vfpv3 -mfloat-abi=hard -Wl,-build-id=none -specs=Xilinx.spec -Wl,-T -Wl,../src/lscript.ld -L../../Synthesizer_bsp/ps7_cortexa9_0/lib -o "Synthesizer.elf"  ./src/audio.o ./src/init.o ./src/intc_handler.o ./src/test.o   -Wl,--start-group,-lxil,-lgcc,-lc,--end-group
'Finished building target: Synthesizer.elf'
' '
'Invoking: ARM v7 Print Size'
arm-none-eabi-size Synthesizer.elf  |tee "Synthesizer.elf.size"
   text	   data	    bss	    dec	    hex	filename
  48356	   7256	  23480	  79092	  134f4	Synthesizer.elf
'Finished building: Synthesizer.elf.size'
' '
19:41:16 **** Incremental Build of configuration Debug for project Synthesizer ****
make pre-build main-build 
a9-linaro-pre-build-step
' '
make: Nothing to be done for 'main-build'.
19:42:11 **** Auto Build of configuration Debug for project Synthesizer ****
make pre-build main-build 
a9-linaro-pre-build-step
' '
'Building file: ../src/intc_handler.c'
'Invoking: ARM v7 gcc compiler'
arm-none-eabi-gcc -Wall -O0 -g3 -c -fmessage-length=0 -MT"src/intc_handler.o" -mcpu=cortex-a9 -mfpu=vfpv3 -mfloat-abi=hard -I../../Synthesizer_bsp/ps7_cortexa9_0/include -MMD -MP -MF"src/intc_handler.d" -MT"src/intc_handler.o" -o "src/intc_handler.o" "../src/intc_handler.c"
'Finished building: ../src/intc_handler.c'
' '
'Building target: Synthesizer.elf'
'Invoking: ARM v7 gcc linker'
arm-none-eabi-gcc -mcpu=cortex-a9 -mfpu=vfpv3 -mfloat-abi=hard -Wl,-build-id=none -specs=Xilinx.spec -Wl,-T -Wl,../src/lscript.ld -L../../Synthesizer_bsp/ps7_cortexa9_0/lib -o "Synthesizer.elf"  ./src/audio.o ./src/init.o ./src/intc_handler.o ./src/test.o   -Wl,--start-group,-lxil,-lgcc,-lc,--end-group
'Finished building target: Synthesizer.elf'
' '
'Invoking: ARM v7 Print Size'
arm-none-eabi-size Synthesizer.elf  |tee "Synthesizer.elf.size"
   text	   data	    bss	    dec	    hex	filename
  48356	   8488	  23480	  80324	  139c4	Synthesizer.elf
'Finished building: Synthesizer.elf.size'
' '
19:42:19 **** Incremental Build of configuration Debug for project Synthesizer ****
make pre-build main-build 
a9-linaro-pre-build-step
' '
make: Nothing to be done for 'main-build'.
19:43:14 **** Auto Build of configuration Debug for project Synthesizer ****
make pre-build main-build 
a9-linaro-pre-build-step
' '
'Building file: ../src/intc_handler.c'
'Invoking: ARM v7 gcc compiler'
arm-none-eabi-gcc -Wall -O0 -g3 -c -fmessage-length=0 -MT"src/intc_handler.o" -mcpu=cortex-a9 -mfpu=vfpv3 -mfloat-abi=hard -I../../Synthesizer_bsp/ps7_cortexa9_0/include -MMD -MP -MF"src/intc_handler.d" -MT"src/intc_handler.o" -o "src/intc_handler.o" "../src/intc_handler.c"
'Finished building: ../src/intc_handler.c'
' '
'Building target: Synthesizer.elf'
'Invoking: ARM v7 gcc linker'
arm-none-eabi-gcc -mcpu=cortex-a9 -mfpu=vfpv3 -mfloat-abi=hard -Wl,-build-id=none -specs=Xilinx.spec -Wl,-T -Wl,../src/lscript.ld -L../../Synthesizer_bsp/ps7_cortexa9_0/lib -o "Synthesizer.elf"  ./src/audio.o ./src/init.o ./src/intc_handler.o ./src/test.o   -Wl,--start-group,-lxil,-lgcc,-lc,--end-group
'Finished building target: Synthesizer.elf'
' '
'Invoking: ARM v7 Print Size'
arm-none-eabi-size Synthesizer.elf  |tee "Synthesizer.elf.size"
   text	   data	    bss	    dec	    hex	filename
  48356	   7216	  23480	  79052	  134cc	Synthesizer.elf
'Finished building: Synthesizer.elf.size'
' '
19:43:16 **** Incremental Build of configuration Debug for project Synthesizer ****
make pre-build main-build 
a9-linaro-pre-build-step
' '
make: Nothing to be done for 'main-build'.
19:44:14 **** Auto Build of configuration Debug for project Synthesizer ****
make pre-build main-build 
a9-linaro-pre-build-step
' '
'Building file: ../src/intc_handler.c'
'Invoking: ARM v7 gcc compiler'
arm-none-eabi-gcc -Wall -O0 -g3 -c -fmessage-length=0 -MT"src/intc_handler.o" -mcpu=cortex-a9 -mfpu=vfpv3 -mfloat-abi=hard -I../../Synthesizer_bsp/ps7_cortexa9_0/include -MMD -MP -MF"src/intc_handler.d" -MT"src/intc_handler.o" -o "src/intc_handler.o" "../src/intc_handler.c"
'Finished building: ../src/intc_handler.c'
' '
'Building target: Synthesizer.elf'
'Invoking: ARM v7 gcc linker'
arm-none-eabi-gcc -mcpu=cortex-a9 -mfpu=vfpv3 -mfloat-abi=hard -Wl,-build-id=none -specs=Xilinx.spec -Wl,-T -Wl,../src/lscript.ld -L../../Synthesizer_bsp/ps7_cortexa9_0/lib -o "Synthesizer.elf"  ./src/audio.o ./src/init.o ./src/intc_handler.o ./src/test.o   -Wl,--start-group,-lxil,-lgcc,-lc,--end-group
'Finished building target: Synthesizer.elf'
' '
'Invoking: ARM v7 Print Size'
arm-none-eabi-size Synthesizer.elf  |tee "Synthesizer.elf.size"
   text	   data	    bss	    dec	    hex	filename
  48356	   7080	  23480	  78916	  13444	Synthesizer.elf
'Finished building: Synthesizer.elf.size'
' '
19:44:16 **** Incremental Build of configuration Debug for project Synthesizer ****
make pre-build main-build 
a9-linaro-pre-build-step
' '
make: Nothing to be done for 'main-build'.
19:47:49 **** Auto Build of configuration Debug for project Synthesizer ****
make pre-build main-build 
a9-linaro-pre-build-step
' '
'Building file: ../src/intc_handler.c'
'Invoking: ARM v7 gcc compiler'
arm-none-eabi-gcc -Wall -O0 -g3 -c -fmessage-length=0 -MT"src/intc_handler.o" -mcpu=cortex-a9 -mfpu=vfpv3 -mfloat-abi=hard -I../../Synthesizer_bsp/ps7_cortexa9_0/include -MMD -MP -MF"src/intc_handler.d" -MT"src/intc_handler.o" -o "src/intc_handler.o" "../src/intc_handler.c"
'Finished building: ../src/intc_handler.c'
' '
'Building target: Synthesizer.elf'
'Invoking: ARM v7 gcc linker'
arm-none-eabi-gcc -mcpu=cortex-a9 -mfpu=vfpv3 -mfloat-abi=hard -Wl,-build-id=none -specs=Xilinx.spec -Wl,-T -Wl,../src/lscript.ld -L../../Synthesizer_bsp/ps7_cortexa9_0/lib -o "Synthesizer.elf"  ./src/audio.o ./src/init.o ./src/intc_handler.o ./src/test.o   -Wl,--start-group,-lxil,-lgcc,-lc,--end-group
'Finished building target: Synthesizer.elf'
' '
'Invoking: ARM v7 Print Size'
arm-none-eabi-size Synthesizer.elf  |tee "Synthesizer.elf.size"
   text	   data	    bss	    dec	    hex	filename
  48356	   4664	  23480	  76500	  12ad4	Synthesizer.elf
'Finished building: Synthesizer.elf.size'
' '
19:47:55 **** Incremental Build of configuration Debug for project Synthesizer ****
make pre-build main-build 
a9-linaro-pre-build-step
' '
make: Nothing to be done for 'main-build'.
19:50:12 **** Auto Build of configuration Debug for project Synthesizer ****
make pre-build main-build 
a9-linaro-pre-build-step
' '
'Building file: ../src/intc_handler.c'
'Invoking: ARM v7 gcc compiler'
arm-none-eabi-gcc -Wall -O0 -g3 -c -fmessage-length=0 -MT"src/intc_handler.o" -mcpu=cortex-a9 -mfpu=vfpv3 -mfloat-abi=hard -I../../Synthesizer_bsp/ps7_cortexa9_0/include -MMD -MP -MF"src/intc_handler.d" -MT"src/intc_handler.o" -o "src/intc_handler.o" "../src/intc_handler.c"
'Finished building: ../src/intc_handler.c'
' '
'Building target: Synthesizer.elf'
'Invoking: ARM v7 gcc linker'
arm-none-eabi-gcc -mcpu=cortex-a9 -mfpu=vfpv3 -mfloat-abi=hard -Wl,-build-id=none -specs=Xilinx.spec -Wl,-T -Wl,../src/lscript.ld -L../../Synthesizer_bsp/ps7_cortexa9_0/lib -o "Synthesizer.elf"  ./src/audio.o ./src/init.o ./src/intc_handler.o ./src/test.o   -Wl,--start-group,-lxil,-lgcc,-lc,--end-group
'Finished building target: Synthesizer.elf'
' '
'Invoking: ARM v7 Print Size'
arm-none-eabi-size Synthesizer.elf  |tee "Synthesizer.elf.size"
   text	   data	    bss	    dec	    hex	filename
  48356	   3520	  23480	  75356	  1265c	Synthesizer.elf
'Finished building: Synthesizer.elf.size'
' '
19:50:14 **** Incremental Build of configuration Debug for project Synthesizer ****
make pre-build main-build 
a9-linaro-pre-build-step
' '
make: Nothing to be done for 'main-build'.
19:51:07 **** Auto Build of configuration Debug for project Synthesizer ****
make pre-build main-build 
a9-linaro-pre-build-step
' '
'Building file: ../src/intc_handler.c'
'Invoking: ARM v7 gcc compiler'
arm-none-eabi-gcc -Wall -O0 -g3 -c -fmessage-length=0 -MT"src/intc_handler.o" -mcpu=cortex-a9 -mfpu=vfpv3 -mfloat-abi=hard -I../../Synthesizer_bsp/ps7_cortexa9_0/include -MMD -MP -MF"src/intc_handler.d" -MT"src/intc_handler.o" -o "src/intc_handler.o" "../src/intc_handler.c"
'Finished building: ../src/intc_handler.c'
' '
'Building target: Synthesizer.elf'
'Invoking: ARM v7 gcc linker'
arm-none-eabi-gcc -mcpu=cortex-a9 -mfpu=vfpv3 -mfloat-abi=hard -Wl,-build-id=none -specs=Xilinx.spec -Wl,-T -Wl,../src/lscript.ld -L../../Synthesizer_bsp/ps7_cortexa9_0/lib -o "Synthesizer.elf"  ./src/audio.o ./src/init.o ./src/intc_handler.o ./src/test.o   -Wl,--start-group,-lxil,-lgcc,-lc,--end-group
'Finished building target: Synthesizer.elf'
' '
'Invoking: ARM v7 Print Size'
arm-none-eabi-size Synthesizer.elf  |tee "Synthesizer.elf.size"
   text	   data	    bss	    dec	    hex	filename
  48356	   5584	  23480	  77420	  12e6c	Synthesizer.elf
'Finished building: Synthesizer.elf.size'
' '
19:51:09 **** Incremental Build of configuration Debug for project Synthesizer ****
make pre-build main-build 
a9-linaro-pre-build-step
' '
make: Nothing to be done for 'main-build'.
19:52:10 **** Incremental Build of configuration Debug for project Synthesizer ****
make pre-build main-build 
a9-linaro-pre-build-step
' '
make: Nothing to be done for 'main-build'.
19:53:19 **** Auto Build of configuration Debug for project Synthesizer ****
make pre-build main-build 
a9-linaro-pre-build-step
' '
'Building file: ../src/intc_handler.c'
'Invoking: ARM v7 gcc compiler'
arm-none-eabi-gcc -Wall -O0 -g3 -c -fmessage-length=0 -MT"src/intc_handler.o" -mcpu=cortex-a9 -mfpu=vfpv3 -mfloat-abi=hard -I../../Synthesizer_bsp/ps7_cortexa9_0/include -MMD -MP -MF"src/intc_handler.d" -MT"src/intc_handler.o" -o "src/intc_handler.o" "../src/intc_handler.c"
'Finished building: ../src/intc_handler.c'
' '
'Building target: Synthesizer.elf'
'Invoking: ARM v7 gcc linker'
arm-none-eabi-gcc -mcpu=cortex-a9 -mfpu=vfpv3 -mfloat-abi=hard -Wl,-build-id=none -specs=Xilinx.spec -Wl,-T -Wl,../src/lscript.ld -L../../Synthesizer_bsp/ps7_cortexa9_0/lib -o "Synthesizer.elf"  ./src/audio.o ./src/init.o ./src/intc_handler.o ./src/test.o   -Wl,--start-group,-lxil,-lgcc,-lc,--end-group
'Finished building target: Synthesizer.elf'
' '
'Invoking: ARM v7 Print Size'
arm-none-eabi-size Synthesizer.elf  |tee "Synthesizer.elf.size"
   text	   data	    bss	    dec	    hex	filename
  48356	  10248	  23480	  82084	  140a4	Synthesizer.elf
'Finished building: Synthesizer.elf.size'
' '
19:53:27 **** Incremental Build of configuration Debug for project Synthesizer ****
make pre-build main-build 
a9-linaro-pre-build-step
' '
make: Nothing to be done for 'main-build'.
20:11:01 **** Auto Build of configuration Debug for project Synthesizer ****
make pre-build main-build 
a9-linaro-pre-build-step
' '
'Building file: ../src/intc_handler.c'
'Invoking: ARM v7 gcc compiler'
arm-none-eabi-gcc -Wall -O0 -g3 -c -fmessage-length=0 -MT"src/intc_handler.o" -mcpu=cortex-a9 -mfpu=vfpv3 -mfloat-abi=hard -I../../Synthesizer_bsp/ps7_cortexa9_0/include -MMD -MP -MF"src/intc_handler.d" -MT"src/intc_handler.o" -o "src/intc_handler.o" "../src/intc_handler.c"
'Finished building: ../src/intc_handler.c'
' '
'Building target: Synthesizer.elf'
'Invoking: ARM v7 gcc linker'
arm-none-eabi-gcc -mcpu=cortex-a9 -mfpu=vfpv3 -mfloat-abi=hard -Wl,-build-id=none -specs=Xilinx.spec -Wl,-T -Wl,../src/lscript.ld -L../../Synthesizer_bsp/ps7_cortexa9_0/lib -o "Synthesizer.elf"  ./src/audio.o ./src/init.o ./src/intc_handler.o ./src/test.o   -Wl,--start-group,-lxil,-lgcc,-lc,--end-group
'Finished building target: Synthesizer.elf'
' '
'Invoking: ARM v7 Print Size'
arm-none-eabi-size Synthesizer.elf  |tee "Synthesizer.elf.size"
   text	   data	    bss	    dec	    hex	filename
  48356	   7696	  23480	  79532	  136ac	Synthesizer.elf
'Finished building: Synthesizer.elf.size'
' '
20:11:03 **** Incremental Build of configuration Debug for project Synthesizer ****
make pre-build main-build 
a9-linaro-pre-build-step
' '
make: Nothing to be done for 'main-build'.
20:11:33 **** Incremental Build of configuration Debug for project Synthesizer ****
make pre-build main-build 
a9-linaro-pre-build-step
' '
make: Nothing to be done for 'main-build'.
20:13:17 **** Auto Build of configuration Debug for project Synthesizer ****
make pre-build main-build 
a9-linaro-pre-build-step
' '
'Building file: ../src/intc_handler.c'
'Invoking: ARM v7 gcc compiler'
arm-none-eabi-gcc -Wall -O0 -g3 -c -fmessage-length=0 -MT"src/intc_handler.o" -mcpu=cortex-a9 -mfpu=vfpv3 -mfloat-abi=hard -I../../Synthesizer_bsp/ps7_cortexa9_0/include -MMD -MP -MF"src/intc_handler.d" -MT"src/intc_handler.o" -o "src/intc_handler.o" "../src/intc_handler.c"
'Finished building: ../src/intc_handler.c'
' '
'Building target: Synthesizer.elf'
'Invoking: ARM v7 gcc linker'
arm-none-eabi-gcc -mcpu=cortex-a9 -mfpu=vfpv3 -mfloat-abi=hard -Wl,-build-id=none -specs=Xilinx.spec -Wl,-T -Wl,../src/lscript.ld -L../../Synthesizer_bsp/ps7_cortexa9_0/lib -o "Synthesizer.elf"  ./src/audio.o ./src/init.o ./src/intc_handler.o ./src/test.o   -Wl,--start-group,-lxil,-lgcc,-lc,--end-group
'Finished building target: Synthesizer.elf'
' '
'Invoking: ARM v7 Print Size'
arm-none-eabi-size Synthesizer.elf  |tee "Synthesizer.elf.size"
   text	   data	    bss	    dec	    hex	filename
  48356	   5584	  23480	  77420	  12e6c	Synthesizer.elf
'Finished building: Synthesizer.elf.size'
' '
20:13:19 **** Incremental Build of configuration Debug for project Synthesizer ****
make pre-build main-build 
a9-linaro-pre-build-step
' '
make: Nothing to be done for 'main-build'.
20:13:50 **** Auto Build of configuration Debug for project Synthesizer ****
make pre-build main-build 
a9-linaro-pre-build-step
' '
'Building file: ../src/intc_handler.c'
'Invoking: ARM v7 gcc compiler'
arm-none-eabi-gcc -Wall -O0 -g3 -c -fmessage-length=0 -MT"src/intc_handler.o" -mcpu=cortex-a9 -mfpu=vfpv3 -mfloat-abi=hard -I../../Synthesizer_bsp/ps7_cortexa9_0/include -MMD -MP -MF"src/intc_handler.d" -MT"src/intc_handler.o" -o "src/intc_handler.o" "../src/intc_handler.c"
'Finished building: ../src/intc_handler.c'
' '
'Building target: Synthesizer.elf'
'Invoking: ARM v7 gcc linker'
arm-none-eabi-gcc -mcpu=cortex-a9 -mfpu=vfpv3 -mfloat-abi=hard -Wl,-build-id=none -specs=Xilinx.spec -Wl,-T -Wl,../src/lscript.ld -L../../Synthesizer_bsp/ps7_cortexa9_0/lib -o "Synthesizer.elf"  ./src/audio.o ./src/init.o ./src/intc_handler.o ./src/test.o   -Wl,--start-group,-lxil,-lgcc,-lc,--end-group
'Finished building target: Synthesizer.elf'
' '
'Invoking: ARM v7 Print Size'
arm-none-eabi-size Synthesizer.elf  |tee "Synthesizer.elf.size"
   text	   data	    bss	    dec	    hex	filename
  48356	   5144	  23480	  76980	  12cb4	Synthesizer.elf
'Finished building: Synthesizer.elf.size'
' '
20:13:54 **** Incremental Build of configuration Debug for project Synthesizer ****
make pre-build main-build 
a9-linaro-pre-build-step
' '
make: Nothing to be done for 'main-build'.
20:15:03 **** Auto Build of configuration Debug for project Synthesizer ****
make pre-build main-build 
a9-linaro-pre-build-step
' '
'Building file: ../src/intc_handler.c'
'Invoking: ARM v7 gcc compiler'
arm-none-eabi-gcc -Wall -O0 -g3 -c -fmessage-length=0 -MT"src/intc_handler.o" -mcpu=cortex-a9 -mfpu=vfpv3 -mfloat-abi=hard -I../../Synthesizer_bsp/ps7_cortexa9_0/include -MMD -MP -MF"src/intc_handler.d" -MT"src/intc_handler.o" -o "src/intc_handler.o" "../src/intc_handler.c"
'Finished building: ../src/intc_handler.c'
' '
'Building target: Synthesizer.elf'
'Invoking: ARM v7 gcc linker'
arm-none-eabi-gcc -mcpu=cortex-a9 -mfpu=vfpv3 -mfloat-abi=hard -Wl,-build-id=none -specs=Xilinx.spec -Wl,-T -Wl,../src/lscript.ld -L../../Synthesizer_bsp/ps7_cortexa9_0/lib -o "Synthesizer.elf"  ./src/audio.o ./src/init.o ./src/intc_handler.o ./src/test.o   -Wl,--start-group,-lxil,-lgcc,-lc,--end-group
'Finished building target: Synthesizer.elf'
' '
'Invoking: ARM v7 Print Size'
arm-none-eabi-size Synthesizer.elf  |tee "Synthesizer.elf.size"
   text	   data	    bss	    dec	    hex	filename
  48356	   5848	  23480	  77684	  12f74	Synthesizer.elf
'Finished building: Synthesizer.elf.size'
' '
20:15:08 **** Incremental Build of configuration Debug for project Synthesizer ****
make pre-build main-build 
a9-linaro-pre-build-step
' '
make: Nothing to be done for 'main-build'.
20:17:12 **** Auto Build of configuration Debug for project Synthesizer ****
make pre-build main-build 
a9-linaro-pre-build-step
' '
'Building file: ../src/intc_handler.c'
'Invoking: ARM v7 gcc compiler'
arm-none-eabi-gcc -Wall -O0 -g3 -c -fmessage-length=0 -MT"src/intc_handler.o" -mcpu=cortex-a9 -mfpu=vfpv3 -mfloat-abi=hard -I../../Synthesizer_bsp/ps7_cortexa9_0/include -MMD -MP -MF"src/intc_handler.d" -MT"src/intc_handler.o" -o "src/intc_handler.o" "../src/intc_handler.c"
'Finished building: ../src/intc_handler.c'
' '
'Building target: Synthesizer.elf'
'Invoking: ARM v7 gcc linker'
arm-none-eabi-gcc -mcpu=cortex-a9 -mfpu=vfpv3 -mfloat-abi=hard -Wl,-build-id=none -specs=Xilinx.spec -Wl,-T -Wl,../src/lscript.ld -L../../Synthesizer_bsp/ps7_cortexa9_0/lib -o "Synthesizer.elf"  ./src/audio.o ./src/init.o ./src/intc_handler.o ./src/test.o   -Wl,--start-group,-lxil,-lgcc,-lc,--end-group
'Finished building target: Synthesizer.elf'
' '
'Invoking: ARM v7 Print Size'
arm-none-eabi-size Synthesizer.elf  |tee "Synthesizer.elf.size"
   text	   data	    bss	    dec	    hex	filename
  48356	   5104	  23480	  76940	  12c8c	Synthesizer.elf
'Finished building: Synthesizer.elf.size'
' '
20:17:14 **** Incremental Build of configuration Debug for project Synthesizer ****
make pre-build main-build 
a9-linaro-pre-build-step
' '
make: Nothing to be done for 'main-build'.
20:18:02 **** Auto Build of configuration Debug for project Synthesizer ****
make pre-build main-build 
a9-linaro-pre-build-step
' '
'Building file: ../src/intc_handler.c'
'Invoking: ARM v7 gcc compiler'
arm-none-eabi-gcc -Wall -O0 -g3 -c -fmessage-length=0 -MT"src/intc_handler.o" -mcpu=cortex-a9 -mfpu=vfpv3 -mfloat-abi=hard -I../../Synthesizer_bsp/ps7_cortexa9_0/include -MMD -MP -MF"src/intc_handler.d" -MT"src/intc_handler.o" -o "src/intc_handler.o" "../src/intc_handler.c"
'Finished building: ../src/intc_handler.c'
' '
'Building target: Synthesizer.elf'
'Invoking: ARM v7 gcc linker'
arm-none-eabi-gcc -mcpu=cortex-a9 -mfpu=vfpv3 -mfloat-abi=hard -Wl,-build-id=none -specs=Xilinx.spec -Wl,-T -Wl,../src/lscript.ld -L../../Synthesizer_bsp/ps7_cortexa9_0/lib -o "Synthesizer.elf"  ./src/audio.o ./src/init.o ./src/intc_handler.o ./src/test.o   -Wl,--start-group,-lxil,-lgcc,-lc,--end-group
'Finished building target: Synthesizer.elf'
' '
'Invoking: ARM v7 Print Size'
arm-none-eabi-size Synthesizer.elf  |tee "Synthesizer.elf.size"
   text	   data	    bss	    dec	    hex	filename
  48356	   3560	  23480	  75396	  12684	Synthesizer.elf
'Finished building: Synthesizer.elf.size'
' '
20:18:14 **** Auto Build of configuration Debug for project Synthesizer ****
make pre-build main-build 
a9-linaro-pre-build-step
' '
'Building file: ../src/intc_handler.c'
'Invoking: ARM v7 gcc compiler'
arm-none-eabi-gcc -Wall -O0 -g3 -c -fmessage-length=0 -MT"src/intc_handler.o" -mcpu=cortex-a9 -mfpu=vfpv3 -mfloat-abi=hard -I../../Synthesizer_bsp/ps7_cortexa9_0/include -MMD -MP -MF"src/intc_handler.d" -MT"src/intc_handler.o" -o "src/intc_handler.o" "../src/intc_handler.c"
'Finished building: ../src/intc_handler.c'
' '
'Building target: Synthesizer.elf'
'Invoking: ARM v7 gcc linker'
arm-none-eabi-gcc -mcpu=cortex-a9 -mfpu=vfpv3 -mfloat-abi=hard -Wl,-build-id=none -specs=Xilinx.spec -Wl,-T -Wl,../src/lscript.ld -L../../Synthesizer_bsp/ps7_cortexa9_0/lib -o "Synthesizer.elf"  ./src/audio.o ./src/init.o ./src/intc_handler.o ./src/test.o   -Wl,--start-group,-lxil,-lgcc,-lc,--end-group
'Finished building target: Synthesizer.elf'
' '
'Invoking: ARM v7 Print Size'
arm-none-eabi-size Synthesizer.elf  |tee "Synthesizer.elf.size"
   text	   data	    bss	    dec	    hex	filename
  48356	   3840	  23480	  75676	  1279c	Synthesizer.elf
'Finished building: Synthesizer.elf.size'
' '
20:18:30 **** Auto Build of configuration Debug for project Synthesizer ****
make pre-build main-build 
a9-linaro-pre-build-step
' '
'Building file: ../src/intc_handler.c'
'Invoking: ARM v7 gcc compiler'
arm-none-eabi-gcc -Wall -O0 -g3 -c -fmessage-length=0 -MT"src/intc_handler.o" -mcpu=cortex-a9 -mfpu=vfpv3 -mfloat-abi=hard -I../../Synthesizer_bsp/ps7_cortexa9_0/include -MMD -MP -MF"src/intc_handler.d" -MT"src/intc_handler.o" -o "src/intc_handler.o" "../src/intc_handler.c"
'Finished building: ../src/intc_handler.c'
' '
'Building target: Synthesizer.elf'
'Invoking: ARM v7 gcc linker'
arm-none-eabi-gcc -mcpu=cortex-a9 -mfpu=vfpv3 -mfloat-abi=hard -Wl,-build-id=none -specs=Xilinx.spec -Wl,-T -Wl,../src/lscript.ld -L../../Synthesizer_bsp/ps7_cortexa9_0/lib -o "Synthesizer.elf"  ./src/audio.o ./src/init.o ./src/intc_handler.o ./src/test.o   -Wl,--start-group,-lxil,-lgcc,-lc,--end-group
'Finished building target: Synthesizer.elf'
' '
'Invoking: ARM v7 Print Size'
arm-none-eabi-size Synthesizer.elf  |tee "Synthesizer.elf.size"
   text	   data	    bss	    dec	    hex	filename
  48356	   3560	  23480	  75396	  12684	Synthesizer.elf
'Finished building: Synthesizer.elf.size'
' '
20:18:32 **** Incremental Build of configuration Debug for project Synthesizer ****
make pre-build main-build 
a9-linaro-pre-build-step
' '
make: Nothing to be done for 'main-build'.
20:18:56 **** Auto Build of configuration Debug for project Synthesizer ****
make pre-build main-build 
a9-linaro-pre-build-step
' '
'Building file: ../src/intc_handler.c'
'Invoking: ARM v7 gcc compiler'
arm-none-eabi-gcc -Wall -O0 -g3 -c -fmessage-length=0 -MT"src/intc_handler.o" -mcpu=cortex-a9 -mfpu=vfpv3 -mfloat-abi=hard -I../../Synthesizer_bsp/ps7_cortexa9_0/include -MMD -MP -MF"src/intc_handler.d" -MT"src/intc_handler.o" -o "src/intc_handler.o" "../src/intc_handler.c"
'Finished building: ../src/intc_handler.c'
' '
'Building target: Synthesizer.elf'
'Invoking: ARM v7 gcc linker'
arm-none-eabi-gcc -mcpu=cortex-a9 -mfpu=vfpv3 -mfloat-abi=hard -Wl,-build-id=none -specs=Xilinx.spec -Wl,-T -Wl,../src/lscript.ld -L../../Synthesizer_bsp/ps7_cortexa9_0/lib -o "Synthesizer.elf"  ./src/audio.o ./src/init.o ./src/intc_handler.o ./src/test.o   -Wl,--start-group,-lxil,-lgcc,-lc,--end-group
'Finished building target: Synthesizer.elf'
' '
'Invoking: ARM v7 Print Size'
arm-none-eabi-size Synthesizer.elf  |tee "Synthesizer.elf.size"
   text	   data	    bss	    dec	    hex	filename
  48356	   6424	  23480	  78260	  131b4	Synthesizer.elf
'Finished building: Synthesizer.elf.size'
' '
20:18:59 **** Incremental Build of configuration Debug for project Synthesizer ****
make pre-build main-build 
a9-linaro-pre-build-step
' '
make: Nothing to be done for 'main-build'.
20:20:04 **** Incremental Build of configuration Debug for project Synthesizer ****
make pre-build main-build 
a9-linaro-pre-build-step
' '
make: Nothing to be done for 'main-build'.
20:21:04 **** Auto Build of configuration Debug for project Synthesizer ****
make pre-build main-build 
a9-linaro-pre-build-step
' '
'Building file: ../src/intc_handler.c'
'Invoking: ARM v7 gcc compiler'
arm-none-eabi-gcc -Wall -O0 -g3 -c -fmessage-length=0 -MT"src/intc_handler.o" -mcpu=cortex-a9 -mfpu=vfpv3 -mfloat-abi=hard -I../../Synthesizer_bsp/ps7_cortexa9_0/include -MMD -MP -MF"src/intc_handler.d" -MT"src/intc_handler.o" -o "src/intc_handler.o" "../src/intc_handler.c"
'Finished building: ../src/intc_handler.c'
' '
'Building target: Synthesizer.elf'
'Invoking: ARM v7 gcc linker'
arm-none-eabi-gcc -mcpu=cortex-a9 -mfpu=vfpv3 -mfloat-abi=hard -Wl,-build-id=none -specs=Xilinx.spec -Wl,-T -Wl,../src/lscript.ld -L../../Synthesizer_bsp/ps7_cortexa9_0/lib -o "Synthesizer.elf"  ./src/audio.o ./src/init.o ./src/intc_handler.o ./src/test.o   -Wl,--start-group,-lxil,-lgcc,-lc,--end-group
'Finished building target: Synthesizer.elf'
' '
'Invoking: ARM v7 Print Size'
arm-none-eabi-size Synthesizer.elf  |tee "Synthesizer.elf.size"
   text	   data	    bss	    dec	    hex	filename
  48356	   5320	  23480	  77156	  12d64	Synthesizer.elf
'Finished building: Synthesizer.elf.size'
' '
20:21:06 **** Incremental Build of configuration Debug for project Synthesizer ****
make pre-build main-build 
a9-linaro-pre-build-step
' '
make: Nothing to be done for 'main-build'.
20:22:05 **** Auto Build of configuration Debug for project Synthesizer ****
make pre-build main-build 
a9-linaro-pre-build-step
' '
'Building file: ../src/intc_handler.c'
'Invoking: ARM v7 gcc compiler'
arm-none-eabi-gcc -Wall -O0 -g3 -c -fmessage-length=0 -MT"src/intc_handler.o" -mcpu=cortex-a9 -mfpu=vfpv3 -mfloat-abi=hard -I../../Synthesizer_bsp/ps7_cortexa9_0/include -MMD -MP -MF"src/intc_handler.d" -MT"src/intc_handler.o" -o "src/intc_handler.o" "../src/intc_handler.c"
'Finished building: ../src/intc_handler.c'
' '
'Building target: Synthesizer.elf'
'Invoking: ARM v7 gcc linker'
arm-none-eabi-gcc -mcpu=cortex-a9 -mfpu=vfpv3 -mfloat-abi=hard -Wl,-build-id=none -specs=Xilinx.spec -Wl,-T -Wl,../src/lscript.ld -L../../Synthesizer_bsp/ps7_cortexa9_0/lib -o "Synthesizer.elf"  ./src/audio.o ./src/init.o ./src/intc_handler.o ./src/test.o   -Wl,--start-group,-lxil,-lgcc,-lc,--end-group
'Finished building target: Synthesizer.elf'
' '
'Invoking: ARM v7 Print Size'
arm-none-eabi-size Synthesizer.elf  |tee "Synthesizer.elf.size"
   text	   data	    bss	    dec	    hex	filename
  48356	   5232	  23480	  77068	  12d0c	Synthesizer.elf
'Finished building: Synthesizer.elf.size'
' '
20:22:07 **** Incremental Build of configuration Debug for project Synthesizer ****
make pre-build main-build 
a9-linaro-pre-build-step
' '
make: Nothing to be done for 'main-build'.
20:23:28 **** Auto Build of configuration Debug for project Synthesizer ****
make pre-build main-build 
a9-linaro-pre-build-step
' '
'Building file: ../src/intc_handler.c'
'Invoking: ARM v7 gcc compiler'
arm-none-eabi-gcc -Wall -O0 -g3 -c -fmessage-length=0 -MT"src/intc_handler.o" -mcpu=cortex-a9 -mfpu=vfpv3 -mfloat-abi=hard -I../../Synthesizer_bsp/ps7_cortexa9_0/include -MMD -MP -MF"src/intc_handler.d" -MT"src/intc_handler.o" -o "src/intc_handler.o" "../src/intc_handler.c"
'Finished building: ../src/intc_handler.c'
' '
'Building target: Synthesizer.elf'
'Invoking: ARM v7 gcc linker'
arm-none-eabi-gcc -mcpu=cortex-a9 -mfpu=vfpv3 -mfloat-abi=hard -Wl,-build-id=none -specs=Xilinx.spec -Wl,-T -Wl,../src/lscript.ld -L../../Synthesizer_bsp/ps7_cortexa9_0/lib -o "Synthesizer.elf"  ./src/audio.o ./src/init.o ./src/intc_handler.o ./src/test.o   -Wl,--start-group,-lxil,-lgcc,-lc,--end-group
'Finished building target: Synthesizer.elf'
' '
'Invoking: ARM v7 Print Size'
arm-none-eabi-size Synthesizer.elf  |tee "Synthesizer.elf.size"
   text	   data	    bss	    dec	    hex	filename
  48356	   8840	  23480	  80676	  13b24	Synthesizer.elf
'Finished building: Synthesizer.elf.size'
' '
20:23:29 **** Incremental Build of configuration Debug for project Synthesizer ****
make pre-build main-build 
a9-linaro-pre-build-step
' '
make: Nothing to be done for 'main-build'.
20:26:18 **** Auto Build of configuration Debug for project Synthesizer ****
make pre-build main-build 
a9-linaro-pre-build-step
' '
'Building file: ../src/intc_handler.c'
'Invoking: ARM v7 gcc compiler'
arm-none-eabi-gcc -Wall -O0 -g3 -c -fmessage-length=0 -MT"src/intc_handler.o" -mcpu=cortex-a9 -mfpu=vfpv3 -mfloat-abi=hard -I../../Synthesizer_bsp/ps7_cortexa9_0/include -MMD -MP -MF"src/intc_handler.d" -MT"src/intc_handler.o" -o "src/intc_handler.o" "../src/intc_handler.c"
'Finished building: ../src/intc_handler.c'
' '
'Building target: Synthesizer.elf'
'Invoking: ARM v7 gcc linker'
arm-none-eabi-gcc -mcpu=cortex-a9 -mfpu=vfpv3 -mfloat-abi=hard -Wl,-build-id=none -specs=Xilinx.spec -Wl,-T -Wl,../src/lscript.ld -L../../Synthesizer_bsp/ps7_cortexa9_0/lib -o "Synthesizer.elf"  ./src/audio.o ./src/init.o ./src/intc_handler.o ./src/test.o   -Wl,--start-group,-lxil,-lgcc,-lc,--end-group
'Finished building target: Synthesizer.elf'
' '
'Invoking: ARM v7 Print Size'
arm-none-eabi-size Synthesizer.elf  |tee "Synthesizer.elf.size"
   text	   data	    bss	    dec	    hex	filename
  48356	   4840	  23480	  76676	  12b84	Synthesizer.elf
'Finished building: Synthesizer.elf.size'
' '
20:26:28 **** Incremental Build of configuration Debug for project Synthesizer ****
make pre-build main-build 
a9-linaro-pre-build-step
' '
make: Nothing to be done for 'main-build'.
20:27:38 **** Auto Build of configuration Debug for project Synthesizer ****
make pre-build main-build 
a9-linaro-pre-build-step
' '
'Building file: ../src/intc_handler.c'
'Invoking: ARM v7 gcc compiler'
arm-none-eabi-gcc -Wall -O0 -g3 -c -fmessage-length=0 -MT"src/intc_handler.o" -mcpu=cortex-a9 -mfpu=vfpv3 -mfloat-abi=hard -I../../Synthesizer_bsp/ps7_cortexa9_0/include -MMD -MP -MF"src/intc_handler.d" -MT"src/intc_handler.o" -o "src/intc_handler.o" "../src/intc_handler.c"
'Finished building: ../src/intc_handler.c'
' '
'Building target: Synthesizer.elf'
'Invoking: ARM v7 gcc linker'
arm-none-eabi-gcc -mcpu=cortex-a9 -mfpu=vfpv3 -mfloat-abi=hard -Wl,-build-id=none -specs=Xilinx.spec -Wl,-T -Wl,../src/lscript.ld -L../../Synthesizer_bsp/ps7_cortexa9_0/lib -o "Synthesizer.elf"  ./src/audio.o ./src/init.o ./src/intc_handler.o ./src/test.o   -Wl,--start-group,-lxil,-lgcc,-lc,--end-group
'Finished building target: Synthesizer.elf'
' '
'Invoking: ARM v7 Print Size'
arm-none-eabi-size Synthesizer.elf  |tee "Synthesizer.elf.size"
   text	   data	    bss	    dec	    hex	filename
  48356	   6512	  23480	  78348	  1320c	Synthesizer.elf
'Finished building: Synthesizer.elf.size'
' '
20:27:40 **** Incremental Build of configuration Debug for project Synthesizer ****
make pre-build main-build 
a9-linaro-pre-build-step
' '
make: Nothing to be done for 'main-build'.
20:28:48 **** Auto Build of configuration Debug for project Synthesizer ****
make pre-build main-build 
a9-linaro-pre-build-step
' '
'Building file: ../src/intc_handler.c'
'Invoking: ARM v7 gcc compiler'
arm-none-eabi-gcc -Wall -O0 -g3 -c -fmessage-length=0 -MT"src/intc_handler.o" -mcpu=cortex-a9 -mfpu=vfpv3 -mfloat-abi=hard -I../../Synthesizer_bsp/ps7_cortexa9_0/include -MMD -MP -MF"src/intc_handler.d" -MT"src/intc_handler.o" -o "src/intc_handler.o" "../src/intc_handler.c"
'Finished building: ../src/intc_handler.c'
' '
'Building target: Synthesizer.elf'
'Invoking: ARM v7 gcc linker'
arm-none-eabi-gcc -mcpu=cortex-a9 -mfpu=vfpv3 -mfloat-abi=hard -Wl,-build-id=none -specs=Xilinx.spec -Wl,-T -Wl,../src/lscript.ld -L../../Synthesizer_bsp/ps7_cortexa9_0/lib -o "Synthesizer.elf"  ./src/audio.o ./src/init.o ./src/intc_handler.o ./src/test.o   -Wl,--start-group,-lxil,-lgcc,-lc,--end-group
'Finished building target: Synthesizer.elf'
' '
'Invoking: ARM v7 Print Size'
arm-none-eabi-size Synthesizer.elf  |tee "Synthesizer.elf.size"
   text	   data	    bss	    dec	    hex	filename
  48356	   4488	  23480	  76324	  12a24	Synthesizer.elf
'Finished building: Synthesizer.elf.size'
' '
20:28:51 **** Incremental Build of configuration Debug for project Synthesizer ****
make pre-build main-build 
a9-linaro-pre-build-step
' '
make: Nothing to be done for 'main-build'.
20:29:24 **** Auto Build of configuration Debug for project Synthesizer ****
make pre-build main-build 
a9-linaro-pre-build-step
' '
'Building file: ../src/intc_handler.c'
'Invoking: ARM v7 gcc compiler'
arm-none-eabi-gcc -Wall -O0 -g3 -c -fmessage-length=0 -MT"src/intc_handler.o" -mcpu=cortex-a9 -mfpu=vfpv3 -mfloat-abi=hard -I../../Synthesizer_bsp/ps7_cortexa9_0/include -MMD -MP -MF"src/intc_handler.d" -MT"src/intc_handler.o" -o "src/intc_handler.o" "../src/intc_handler.c"
'Finished building: ../src/intc_handler.c'
' '
'Building target: Synthesizer.elf'
'Invoking: ARM v7 gcc linker'
arm-none-eabi-gcc -mcpu=cortex-a9 -mfpu=vfpv3 -mfloat-abi=hard -Wl,-build-id=none -specs=Xilinx.spec -Wl,-T -Wl,../src/lscript.ld -L../../Synthesizer_bsp/ps7_cortexa9_0/lib -o "Synthesizer.elf"  ./src/audio.o ./src/init.o ./src/intc_handler.o ./src/test.o   -Wl,--start-group,-lxil,-lgcc,-lc,--end-group
'Finished building target: Synthesizer.elf'
' '
'Invoking: ARM v7 Print Size'
arm-none-eabi-size Synthesizer.elf  |tee "Synthesizer.elf.size"
   text	   data	    bss	    dec	    hex	filename
  48356	   4440	  23480	  76276	  129f4	Synthesizer.elf
'Finished building: Synthesizer.elf.size'
' '
20:29:28 **** Incremental Build of configuration Debug for project Synthesizer ****
make pre-build main-build 
a9-linaro-pre-build-step
' '
make: Nothing to be done for 'main-build'.
20:30:39 **** Auto Build of configuration Debug for project Synthesizer ****
make pre-build main-build 
a9-linaro-pre-build-step
' '
'Building file: ../src/intc_handler.c'
'Invoking: ARM v7 gcc compiler'
arm-none-eabi-gcc -Wall -O0 -g3 -c -fmessage-length=0 -MT"src/intc_handler.o" -mcpu=cortex-a9 -mfpu=vfpv3 -mfloat-abi=hard -I../../Synthesizer_bsp/ps7_cortexa9_0/include -MMD -MP -MF"src/intc_handler.d" -MT"src/intc_handler.o" -o "src/intc_handler.o" "../src/intc_handler.c"
'Finished building: ../src/intc_handler.c'
' '
'Building target: Synthesizer.elf'
'Invoking: ARM v7 gcc linker'
arm-none-eabi-gcc -mcpu=cortex-a9 -mfpu=vfpv3 -mfloat-abi=hard -Wl,-build-id=none -specs=Xilinx.spec -Wl,-T -Wl,../src/lscript.ld -L../../Synthesizer_bsp/ps7_cortexa9_0/lib -o "Synthesizer.elf"  ./src/audio.o ./src/init.o ./src/intc_handler.o ./src/test.o   -Wl,--start-group,-lxil,-lgcc,-lc,--end-group
'Finished building target: Synthesizer.elf'
' '
'Invoking: ARM v7 Print Size'
arm-none-eabi-size Synthesizer.elf  |tee "Synthesizer.elf.size"
   text	   data	    bss	    dec	    hex	filename
  48356	   7168	  23480	  79004	  1349c	Synthesizer.elf
'Finished building: Synthesizer.elf.size'
' '
20:30:41 **** Incremental Build of configuration Debug for project Synthesizer ****
make pre-build main-build 
a9-linaro-pre-build-step
' '
make: Nothing to be done for 'main-build'.
20:31:58 **** Auto Build of configuration Debug for project Synthesizer ****
make pre-build main-build 
a9-linaro-pre-build-step
' '
'Building file: ../src/intc_handler.c'
'Invoking: ARM v7 gcc compiler'
arm-none-eabi-gcc -Wall -O0 -g3 -c -fmessage-length=0 -MT"src/intc_handler.o" -mcpu=cortex-a9 -mfpu=vfpv3 -mfloat-abi=hard -I../../Synthesizer_bsp/ps7_cortexa9_0/include -MMD -MP -MF"src/intc_handler.d" -MT"src/intc_handler.o" -o "src/intc_handler.o" "../src/intc_handler.c"
'Finished building: ../src/intc_handler.c'
' '
'Building target: Synthesizer.elf'
'Invoking: ARM v7 gcc linker'
arm-none-eabi-gcc -mcpu=cortex-a9 -mfpu=vfpv3 -mfloat-abi=hard -Wl,-build-id=none -specs=Xilinx.spec -Wl,-T -Wl,../src/lscript.ld -L../../Synthesizer_bsp/ps7_cortexa9_0/lib -o "Synthesizer.elf"  ./src/audio.o ./src/init.o ./src/intc_handler.o ./src/test.o   -Wl,--start-group,-lxil,-lgcc,-lc,--end-group
'Finished building target: Synthesizer.elf'
' '
'Invoking: ARM v7 Print Size'
arm-none-eabi-size Synthesizer.elf  |tee "Synthesizer.elf.size"
   text	   data	    bss	    dec	    hex	filename
  48356	   6904	  23480	  78740	  13394	Synthesizer.elf
'Finished building: Synthesizer.elf.size'
' '
20:32:00 **** Incremental Build of configuration Debug for project Synthesizer ****
make pre-build main-build 
a9-linaro-pre-build-step
' '
make: Nothing to be done for 'main-build'.
20:32:45 **** Auto Build of configuration Debug for project Synthesizer ****
make pre-build main-build 
a9-linaro-pre-build-step
' '
'Building file: ../src/intc_handler.c'
'Invoking: ARM v7 gcc compiler'
arm-none-eabi-gcc -Wall -O0 -g3 -c -fmessage-length=0 -MT"src/intc_handler.o" -mcpu=cortex-a9 -mfpu=vfpv3 -mfloat-abi=hard -I../../Synthesizer_bsp/ps7_cortexa9_0/include -MMD -MP -MF"src/intc_handler.d" -MT"src/intc_handler.o" -o "src/intc_handler.o" "../src/intc_handler.c"
'Finished building: ../src/intc_handler.c'
' '
'Building target: Synthesizer.elf'
'Invoking: ARM v7 gcc linker'
arm-none-eabi-gcc -mcpu=cortex-a9 -mfpu=vfpv3 -mfloat-abi=hard -Wl,-build-id=none -specs=Xilinx.spec -Wl,-T -Wl,../src/lscript.ld -L../../Synthesizer_bsp/ps7_cortexa9_0/lib -o "Synthesizer.elf"  ./src/audio.o ./src/init.o ./src/intc_handler.o ./src/test.o   -Wl,--start-group,-lxil,-lgcc,-lc,--end-group
'Finished building target: Synthesizer.elf'
' '
'Invoking: ARM v7 Print Size'
arm-none-eabi-size Synthesizer.elf  |tee "Synthesizer.elf.size"
   text	   data	    bss	    dec	    hex	filename
  48356	   6024	  23480	  77860	  13024	Synthesizer.elf
'Finished building: Synthesizer.elf.size'
' '
20:32:47 **** Incremental Build of configuration Debug for project Synthesizer ****
make pre-build main-build 
a9-linaro-pre-build-step
' '
make: Nothing to be done for 'main-build'.
20:33:17 **** Auto Build of configuration Debug for project Synthesizer ****
make pre-build main-build 
a9-linaro-pre-build-step
' '
'Building file: ../src/intc_handler.c'
'Invoking: ARM v7 gcc compiler'
arm-none-eabi-gcc -Wall -O0 -g3 -c -fmessage-length=0 -MT"src/intc_handler.o" -mcpu=cortex-a9 -mfpu=vfpv3 -mfloat-abi=hard -I../../Synthesizer_bsp/ps7_cortexa9_0/include -MMD -MP -MF"src/intc_handler.d" -MT"src/intc_handler.o" -o "src/intc_handler.o" "../src/intc_handler.c"
'Finished building: ../src/intc_handler.c'
' '
'Building target: Synthesizer.elf'
'Invoking: ARM v7 gcc linker'
arm-none-eabi-gcc -mcpu=cortex-a9 -mfpu=vfpv3 -mfloat-abi=hard -Wl,-build-id=none -specs=Xilinx.spec -Wl,-T -Wl,../src/lscript.ld -L../../Synthesizer_bsp/ps7_cortexa9_0/lib -o "Synthesizer.elf"  ./src/audio.o ./src/init.o ./src/intc_handler.o ./src/test.o   -Wl,--start-group,-lxil,-lgcc,-lc,--end-group
'Finished building target: Synthesizer.elf'
' '
'Invoking: ARM v7 Print Size'
arm-none-eabi-size Synthesizer.elf  |tee "Synthesizer.elf.size"
   text	   data	    bss	    dec	    hex	filename
  48356	   4264	  23480	  76100	  12944	Synthesizer.elf
'Finished building: Synthesizer.elf.size'
' '
20:33:19 **** Incremental Build of configuration Debug for project Synthesizer ****
make pre-build main-build 
a9-linaro-pre-build-step
' '
make: Nothing to be done for 'main-build'.
20:34:03 **** Auto Build of configuration Debug for project Synthesizer ****
make pre-build main-build 
a9-linaro-pre-build-step
' '
'Building file: ../src/intc_handler.c'
'Invoking: ARM v7 gcc compiler'
arm-none-eabi-gcc -Wall -O0 -g3 -c -fmessage-length=0 -MT"src/intc_handler.o" -mcpu=cortex-a9 -mfpu=vfpv3 -mfloat-abi=hard -I../../Synthesizer_bsp/ps7_cortexa9_0/include -MMD -MP -MF"src/intc_handler.d" -MT"src/intc_handler.o" -o "src/intc_handler.o" "../src/intc_handler.c"
../src/intc_handler.c:12:10: fatal error: sheetNotes41.h: No such file or directory
 #include "sheetNotes41.h"
          ^~~~~~~~~~~~~~~~
compilation terminated.
make: *** [src/subdir.mk:32: src/intc_handler.o] Error 1
20:34:09 **** Auto Build of configuration Debug for project Synthesizer ****
make pre-build main-build 
a9-linaro-pre-build-step
' '
'Building file: ../src/intc_handler.c'
'Invoking: ARM v7 gcc compiler'
arm-none-eabi-gcc -Wall -O0 -g3 -c -fmessage-length=0 -MT"src/intc_handler.o" -mcpu=cortex-a9 -mfpu=vfpv3 -mfloat-abi=hard -I../../Synthesizer_bsp/ps7_cortexa9_0/include -MMD -MP -MF"src/intc_handler.d" -MT"src/intc_handler.o" -o "src/intc_handler.o" "../src/intc_handler.c"
'Finished building: ../src/intc_handler.c'
' '
'Building target: Synthesizer.elf'
'Invoking: ARM v7 gcc linker'
arm-none-eabi-gcc -mcpu=cortex-a9 -mfpu=vfpv3 -mfloat-abi=hard -Wl,-build-id=none -specs=Xilinx.spec -Wl,-T -Wl,../src/lscript.ld -L../../Synthesizer_bsp/ps7_cortexa9_0/lib -o "Synthesizer.elf"  ./src/audio.o ./src/init.o ./src/intc_handler.o ./src/test.o   -Wl,--start-group,-lxil,-lgcc,-lc,--end-group
'Finished building target: Synthesizer.elf'
' '
'Invoking: ARM v7 Print Size'
arm-none-eabi-size Synthesizer.elf  |tee "Synthesizer.elf.size"
   text	   data	    bss	    dec	    hex	filename
  48356	   4880	  23480	  76716	  12bac	Synthesizer.elf
'Finished building: Synthesizer.elf.size'
' '
20:34:11 **** Incremental Build of configuration Debug for project Synthesizer ****
make pre-build main-build 
a9-linaro-pre-build-step
' '
make: Nothing to be done for 'main-build'.
20:35:21 **** Auto Build of configuration Debug for project Synthesizer ****
make pre-build main-build 
a9-linaro-pre-build-step
' '
'Building file: ../src/intc_handler.c'
'Invoking: ARM v7 gcc compiler'
[...]
'Finished building target: Synthesizer.elf'
' '
'Invoking: ARM v7 Print Size'
arm-none-eabi-size Synthesizer.elf  |tee "Synthesizer.elf.size"
   text	   data	    bss	    dec	    hex	filename
  48356	   7784	  23480	  79620	  13704	Synthesizer.elf
'Finished building: Synthesizer.elf.size'
' '
20:46:36 **** Incremental Build of configuration Debug for project Synthesizer ****
make pre-build main-build 
a9-linaro-pre-build-step
' '
make: Nothing to be done for 'main-build'.
20:46:56 **** Auto Build of configuration Debug for project Synthesizer ****
make pre-build main-build 
a9-linaro-pre-build-step
' '
'Building file: ../src/intc_handler.c'
'Invoking: ARM v7 gcc compiler'
arm-none-eabi-gcc -Wall -O0 -g3 -c -fmessage-length=0 -MT"src/intc_handler.o" -mcpu=cortex-a9 -mfpu=vfpv3 -mfloat-abi=hard -I../../Synthesizer_bsp/ps7_cortexa9_0/include -MMD -MP -MF"src/intc_handler.d" -MT"src/intc_handler.o" -o "src/intc_handler.o" "../src/intc_handler.c"
'Finished building: ../src/intc_handler.c'
' '
'Building target: Synthesizer.elf'
'Invoking: ARM v7 gcc linker'
arm-none-eabi-gcc -mcpu=cortex-a9 -mfpu=vfpv3 -mfloat-abi=hard -Wl,-build-id=none -specs=Xilinx.spec -Wl,-T -Wl,../src/lscript.ld -L../../Synthesizer_bsp/ps7_cortexa9_0/lib -o "Synthesizer.elf"  ./src/audio.o ./src/init.o ./src/intc_handler.o ./src/test.o   -Wl,--start-group,-lxil,-lgcc,-lc,--end-group
'Finished building target: Synthesizer.elf'
' '
'Invoking: ARM v7 Print Size'
arm-none-eabi-size Synthesizer.elf  |tee "Synthesizer.elf.size"
   text	   data	    bss	    dec	    hex	filename
  48356	  22216	  23480	  94052	  16f64	Synthesizer.elf
'Finished building: Synthesizer.elf.size'
' '
20:47:14 **** Incremental Build of configuration Debug for project Synthesizer ****
make pre-build main-build 
a9-linaro-pre-build-step
' '
make: Nothing to be done for 'main-build'.
20:51:02 **** Auto Build of configuration Debug for project Synthesizer ****
make pre-build main-build 
a9-linaro-pre-build-step
' '
'Building file: ../src/intc_handler.c'
'Invoking: ARM v7 gcc compiler'
arm-none-eabi-gcc -Wall -O0 -g3 -c -fmessage-length=0 -MT"src/intc_handler.o" -mcpu=cortex-a9 -mfpu=vfpv3 -mfloat-abi=hard -I../../Synthesizer_bsp/ps7_cortexa9_0/include -MMD -MP -MF"src/intc_handler.d" -MT"src/intc_handler.o" -o "src/intc_handler.o" "../src/intc_handler.c"
'Finished building: ../src/intc_handler.c'
' '
'Building target: Synthesizer.elf'
'Invoking: ARM v7 gcc linker'
arm-none-eabi-gcc -mcpu=cortex-a9 -mfpu=vfpv3 -mfloat-abi=hard -Wl,-build-id=none -specs=Xilinx.spec -Wl,-T -Wl,../src/lscript.ld -L../../Synthesizer_bsp/ps7_cortexa9_0/lib -o "Synthesizer.elf"  ./src/audio.o ./src/init.o ./src/intc_handler.o ./src/test.o   -Wl,--start-group,-lxil,-lgcc,-lc,--end-group
'Finished building target: Synthesizer.elf'
' '
'Invoking: ARM v7 Print Size'
arm-none-eabi-size Synthesizer.elf  |tee "Synthesizer.elf.size"
   text	   data	    bss	    dec	    hex	filename
  48356	  37400	  23480	 109236	  1aab4	Synthesizer.elf
'Finished building: Synthesizer.elf.size'
' '
20:51:03 **** Incremental Build of configuration Debug for project Synthesizer ****
make pre-build main-build 
a9-linaro-pre-build-step
' '
make: Nothing to be done for 'main-build'.
20:51:24 **** Incremental Build of configuration Debug for project Synthesizer ****
make pre-build main-build 
a9-linaro-pre-build-step
' '
make: Nothing to be done for 'main-build'.
20:53:10 **** Auto Build of configuration Debug for project Synthesizer ****
make pre-build main-build 
a9-linaro-pre-build-step
' '
'Building file: ../src/intc_handler.c'
'Invoking: ARM v7 gcc compiler'
arm-none-eabi-gcc -Wall -O0 -g3 -c -fmessage-length=0 -MT"src/intc_handler.o" -mcpu=cortex-a9 -mfpu=vfpv3 -mfloat-abi=hard -I../../Synthesizer_bsp/ps7_cortexa9_0/include -MMD -MP -MF"src/intc_handler.d" -MT"src/intc_handler.o" -o "src/intc_handler.o" "../src/intc_handler.c"
'Finished building: ../src/intc_handler.c'
' '
'Building target: Synthesizer.elf'
'Invoking: ARM v7 gcc linker'
arm-none-eabi-gcc -mcpu=cortex-a9 -mfpu=vfpv3 -mfloat-abi=hard -Wl,-build-id=none -specs=Xilinx.spec -Wl,-T -Wl,../src/lscript.ld -L../../Synthesizer_bsp/ps7_cortexa9_0/lib -o "Synthesizer.elf"  ./src/audio.o ./src/init.o ./src/intc_handler.o ./src/test.o   -Wl,--start-group,-lxil,-lgcc,-lc,--end-group
'Finished building target: Synthesizer.elf'
' '
'Invoking: ARM v7 Print Size'
arm-none-eabi-size Synthesizer.elf  |tee "Synthesizer.elf.size"
   text	   data	    bss	    dec	    hex	filename
  48356	   6464	  23480	  78300	  131dc	Synthesizer.elf
'Finished building: Synthesizer.elf.size'
' '
20:53:17 **** Incremental Build of configuration Debug for project Synthesizer ****
make pre-build main-build 
a9-linaro-pre-build-step
' '
make: Nothing to be done for 'main-build'.
20:53:42 **** Auto Build of configuration Debug for project Synthesizer ****
make pre-build main-build 
a9-linaro-pre-build-step
' '
'Building file: ../src/intc_handler.c'
'Invoking: ARM v7 gcc compiler'
arm-none-eabi-gcc -Wall -O0 -g3 -c -fmessage-length=0 -MT"src/intc_handler.o" -mcpu=cortex-a9 -mfpu=vfpv3 -mfloat-abi=hard -I../../Synthesizer_bsp/ps7_cortexa9_0/include -MMD -MP -MF"src/intc_handler.d" -MT"src/intc_handler.o" -o "src/intc_handler.o" "../src/intc_handler.c"
../src/intc_handler.c:18:20: error: 'TEMPO' undeclared here (not in a function)
 static int tempo = TEMPO;
                    ^~~~~
make: *** [src/subdir.mk:32: src/intc_handler.o] Error 1
20:53:46 **** Incremental Build of configuration Debug for project Synthesizer ****
make pre-build main-build 
a9-linaro-pre-build-step
' '
'Building file: ../src/intc_handler.c'
'Invoking: ARM v7 gcc compiler'
arm-none-eabi-gcc -Wall -O0 -g3 -c -fmessage-length=0 -MT"src/intc_handler.o" -mcpu=cortex-a9 -mfpu=vfpv3 -mfloat-abi=hard -I../../Synthesizer_bsp/ps7_cortexa9_0/include -MMD -MP -MF"src/intc_handler.d" -MT"src/intc_handler.o" -o "src/intc_handler.o" "../src/intc_handler.c"
../src/intc_handler.c:18:20: error: 'TEMPO' undeclared here (not in a function)
 static int tempo = TEMPO;
                    ^~~~~
make: *** [src/subdir.mk:32: src/intc_handler.o] Error 1
20:54:10 **** Auto Build of configuration Debug for project Synthesizer ****
make pre-build main-build 
a9-linaro-pre-build-step
' '
'Building file: ../src/intc_handler.c'
'Invoking: ARM v7 gcc compiler'
arm-none-eabi-gcc -Wall -O0 -g3 -c -fmessage-length=0 -MT"src/intc_handler.o" -mcpu=cortex-a9 -mfpu=vfpv3 -mfloat-abi=hard -I../../Synthesizer_bsp/ps7_cortexa9_0/include -MMD -MP -MF"src/intc_handler.d" -MT"src/intc_handler.o" -o "src/intc_handler.o" "../src/intc_handler.c"
'Finished building: ../src/intc_handler.c'
' '
'Building target: Synthesizer.elf'
'Invoking: ARM v7 gcc linker'
arm-none-eabi-gcc -mcpu=cortex-a9 -mfpu=vfpv3 -mfloat-abi=hard -Wl,-build-id=none -specs=Xilinx.spec -Wl,-T -Wl,../src/lscript.ld -L../../Synthesizer_bsp/ps7_cortexa9_0/lib -o "Synthesizer.elf"  ./src/audio.o ./src/init.o ./src/intc_handler.o ./src/test.o   -Wl,--start-group,-lxil,-lgcc,-lc,--end-group
'Finished building target: Synthesizer.elf'
' '
'Invoking: ARM v7 Print Size'
arm-none-eabi-size Synthesizer.elf  |tee "Synthesizer.elf.size"
   text	   data	    bss	    dec	    hex	filename
  48356	   9016	  23480	  80852	  13bd4	Synthesizer.elf
'Finished building: Synthesizer.elf.size'
' '
20:54:11 **** Incremental Build of configuration Debug for project Synthesizer ****
make pre-build main-build 
a9-linaro-pre-build-step
' '
make: Nothing to be done for 'main-build'.
20:54:34 **** Incremental Build of configuration Debug for project Synthesizer ****
make pre-build main-build 
a9-linaro-pre-build-step
' '
make: Nothing to be done for 'main-build'.
20:55:05 **** Auto Build of configuration Debug for project Synthesizer ****
make pre-build main-build 
a9-linaro-pre-build-step
' '
'Building file: ../src/intc_handler.c'
'Invoking: ARM v7 gcc compiler'
arm-none-eabi-gcc -Wall -O0 -g3 -c -fmessage-length=0 -MT"src/intc_handler.o" -mcpu=cortex-a9 -mfpu=vfpv3 -mfloat-abi=hard -I../../Synthesizer_bsp/ps7_cortexa9_0/include -MMD -MP -MF"src/intc_handler.d" -MT"src/intc_handler.o" -o "src/intc_handler.o" "../src/intc_handler.c"
'Finished building: ../src/intc_handler.c'
' '
'Building target: Synthesizer.elf'
'Invoking: ARM v7 gcc linker'
arm-none-eabi-gcc -mcpu=cortex-a9 -mfpu=vfpv3 -mfloat-abi=hard -Wl,-build-id=none -specs=Xilinx.spec -Wl,-T -Wl,../src/lscript.ld -L../../Synthesizer_bsp/ps7_cortexa9_0/lib -o "Synthesizer.elf"  ./src/audio.o ./src/init.o ./src/intc_handler.o ./src/test.o   -Wl,--start-group,-lxil,-lgcc,-lc,--end-group
'Finished building target: Synthesizer.elf'
' '
'Invoking: ARM v7 Print Size'
arm-none-eabi-size Synthesizer.elf  |tee "Synthesizer.elf.size"
   text	   data	    bss	    dec	    hex	filename
  48356	   9016	  23480	  80852	  13bd4	Synthesizer.elf
'Finished building: Synthesizer.elf.size'
' '
20:55:07 **** Incremental Build of configuration Debug for project Synthesizer ****
make pre-build main-build 
a9-linaro-pre-build-step
' '
make: Nothing to be done for 'main-build'.
21:29:19 **** Auto Build of configuration Debug for project Synthesizer ****
make pre-build main-build 
a9-linaro-pre-build-step
' '
'Building file: ../src/intc_handler.c'
'Invoking: ARM v7 gcc compiler'
arm-none-eabi-gcc -Wall -O0 -g3 -c -fmessage-length=0 -MT"src/intc_handler.o" -mcpu=cortex-a9 -mfpu=vfpv3 -mfloat-abi=hard -I../../Synthesizer_bsp/ps7_cortexa9_0/include -MMD -MP -MF"src/intc_handler.d" -MT"src/intc_handler.o" -o "src/intc_handler.o" "../src/intc_handler.c"
'Finished building: ../src/intc_handler.c'
' '
'Building target: Synthesizer.elf'
'Invoking: ARM v7 gcc linker'
arm-none-eabi-gcc -mcpu=cortex-a9 -mfpu=vfpv3 -mfloat-abi=hard -Wl,-build-id=none -specs=Xilinx.spec -Wl,-T -Wl,../src/lscript.ld -L../../Synthesizer_bsp/ps7_cortexa9_0/lib -o "Synthesizer.elf"  ./src/audio.o ./src/init.o ./src/intc_handler.o ./src/test.o   -Wl,--start-group,-lxil,-lgcc,-lc,--end-group
'Finished building target: Synthesizer.elf'
' '
'Invoking: ARM v7 Print Size'
arm-none-eabi-size Synthesizer.elf  |tee "Synthesizer.elf.size"
   text	   data	    bss	    dec	    hex	filename
  48356	   6952	  23480	  78788	  133c4	Synthesizer.elf
'Finished building: Synthesizer.elf.size'
' '
21:29:48 **** Incremental Build of configuration Debug for project Synthesizer ****
make pre-build main-build 
a9-linaro-pre-build-step
' '
make: Nothing to be done for 'main-build'.
21:34:08 **** Incremental Build of configuration Debug for project Synthesizer ****
make pre-build main-build 
a9-linaro-pre-build-step
' '
'Building file: ../src/intc_handler.c'
'Invoking: ARM v7 gcc compiler'
arm-none-eabi-gcc -Wall -O0 -g3 -c -fmessage-length=0 -MT"src/intc_handler.o" -mcpu=cortex-a9 -mfpu=vfpv3 -mfloat-abi=hard -I../../Synthesizer_bsp/ps7_cortexa9_0/include -MMD -MP -MF"src/intc_handler.d" -MT"src/intc_handler.o" -o "src/intc_handler.o" "../src/intc_handler.c"
'Finished building: ../src/intc_handler.c'
' '
'Building target: Synthesizer.elf'
'Invoking: ARM v7 gcc linker'
arm-none-eabi-gcc -mcpu=cortex-a9 -mfpu=vfpv3 -mfloat-abi=hard -Wl,-build-id=none -specs=Xilinx.spec -Wl,-T -Wl,../src/lscript.ld -L../../Synthesizer_bsp/ps7_cortexa9_0/lib -o "Synthesizer.elf"  ./src/audio.o ./src/init.o ./src/intc_handler.o ./src/test.o   -Wl,--start-group,-lxil,-lgcc,-lc,--end-group
'Finished building target: Synthesizer.elf'
' '
'Invoking: ARM v7 Print Size'
arm-none-eabi-size Synthesizer.elf  |tee "Synthesizer.elf.size"
   text	   data	    bss	    dec	    hex	filename
  48356	  10864	  23480	  82700	  1430c	Synthesizer.elf
'Finished building: Synthesizer.elf.size'
' '
21:37:59 **** Auto Build of configuration Debug for project Synthesizer ****
make pre-build main-build 
a9-linaro-pre-build-step
' '
'Building file: ../src/intc_handler.c'
'Invoking: ARM v7 gcc compiler'
arm-none-eabi-gcc -Wall -O0 -g3 -c -fmessage-length=0 -MT"src/intc_handler.o" -mcpu=cortex-a9 -mfpu=vfpv3 -mfloat-abi=hard -I../../Synthesizer_bsp/ps7_cortexa9_0/include -MMD -MP -MF"src/intc_handler.d" -MT"src/intc_handler.o" -o "src/intc_handler.o" "../src/intc_handler.c"
'Finished building: ../src/intc_handler.c'
' '
'Building target: Synthesizer.elf'
'Invoking: ARM v7 gcc linker'
arm-none-eabi-gcc -mcpu=cortex-a9 -mfpu=vfpv3 -mfloat-abi=hard -Wl,-build-id=none -specs=Xilinx.spec -Wl,-T -Wl,../src/lscript.ld -L../../Synthesizer_bsp/ps7_cortexa9_0/lib -o "Synthesizer.elf"  ./src/audio.o ./src/init.o ./src/intc_handler.o ./src/test.o   -Wl,--start-group,-lxil,-lgcc,-lc,--end-group
'Finished building target: Synthesizer.elf'
' '
'Invoking: ARM v7 Print Size'
arm-none-eabi-size Synthesizer.elf  |tee "Synthesizer.elf.size"
   text	   data	    bss	    dec	    hex	filename
  48356	  27456	  23480	  99292	  183dc	Synthesizer.elf
'Finished building: Synthesizer.elf.size'
' '
21:38:13 **** Incremental Build of configuration Debug for project Synthesizer ****
make pre-build main-build 
a9-linaro-pre-build-step
' '
make: Nothing to be done for 'main-build'.
21:58:36 **** Auto Build of configuration Debug for project Synthesizer ****
make pre-build main-build 
a9-linaro-pre-build-step
' '
'Building file: ../src/intc_handler.c'
'Invoking: ARM v7 gcc compiler'
arm-none-eabi-gcc -Wall -O0 -g3 -c -fmessage-length=0 -MT"src/intc_handler.o" -mcpu=cortex-a9 -mfpu=vfpv3 -mfloat-abi=hard -I../../Synthesizer_bsp/ps7_cortexa9_0/include -MMD -MP -MF"src/intc_handler.d" -MT"src/intc_handler.o" -o "src/intc_handler.o" "../src/intc_handler.c"
'Finished building: ../src/intc_handler.c'
' '
'Building target: Synthesizer.elf'
'Invoking: ARM v7 gcc linker'
arm-none-eabi-gcc -mcpu=cortex-a9 -mfpu=vfpv3 -mfloat-abi=hard -Wl,-build-id=none -specs=Xilinx.spec -Wl,-T -Wl,../src/lscript.ld -L../../Synthesizer_bsp/ps7_cortexa9_0/lib -o "Synthesizer.elf"  ./src/audio.o ./src/init.o ./src/intc_handler.o ./src/test.o   -Wl,--start-group,-lxil,-lgcc,-lc,--end-group
'Finished building target: Synthesizer.elf'
' '
'Invoking: ARM v7 Print Size'
arm-none-eabi-size Synthesizer.elf  |tee "Synthesizer.elf.size"
   text	   data	    bss	    dec	    hex	filename
  48356	   5760	  23480	  77596	  12f1c	Synthesizer.elf
'Finished building: Synthesizer.elf.size'
' '
21:58:41 **** Incremental Build of configuration Debug for project Synthesizer ****
make pre-build main-build 
a9-linaro-pre-build-step
' '
make: Nothing to be done for 'main-build'.
22:01:10 **** Auto Build of configuration Debug for project Synthesizer ****
make pre-build main-build 
a9-linaro-pre-build-step
' '
'Building file: ../src/intc_handler.c'
'Invoking: ARM v7 gcc compiler'
arm-none-eabi-gcc -Wall -O0 -g3 -c -fmessage-length=0 -MT"src/intc_handler.o" -mcpu=cortex-a9 -mfpu=vfpv3 -mfloat-abi=hard -I../../Synthesizer_bsp/ps7_cortexa9_0/include -MMD -MP -MF"src/intc_handler.d" -MT"src/intc_handler.o" -o "src/intc_handler.o" "../src/intc_handler.c"
'Finished building: ../src/intc_handler.c'
' '
'Building target: Synthesizer.elf'
'Invoking: ARM v7 gcc linker'
arm-none-eabi-gcc -mcpu=cortex-a9 -mfpu=vfpv3 -mfloat-abi=hard -Wl,-build-id=none -specs=Xilinx.spec -Wl,-T -Wl,../src/lscript.ld -L../../Synthesizer_bsp/ps7_cortexa9_0/lib -o "Synthesizer.elf"  ./src/audio.o ./src/init.o ./src/intc_handler.o ./src/test.o   -Wl,--start-group,-lxil,-lgcc,-lc,--end-group
'Finished building target: Synthesizer.elf'
' '
'Invoking: ARM v7 Print Size'
arm-none-eabi-size Synthesizer.elf  |tee "Synthesizer.elf.size"
   text	   data	    bss	    dec	    hex	filename
  48356	  10512	  23480	  82348	  141ac	Synthesizer.elf
'Finished building: Synthesizer.elf.size'
' '
22:01:15 **** Incremental Build of configuration Debug for project Synthesizer ****
make pre-build main-build 
a9-linaro-pre-build-step
' '
make: Nothing to be done for 'main-build'.
22:04:09 **** Auto Build of configuration Debug for project Synthesizer ****
make pre-build main-build 
a9-linaro-pre-build-step
' '
'Building file: ../src/intc_handler.c'
'Invoking: ARM v7 gcc compiler'
arm-none-eabi-gcc -Wall -O0 -g3 -c -fmessage-length=0 -MT"src/intc_handler.o" -mcpu=cortex-a9 -mfpu=vfpv3 -mfloat-abi=hard -I../../Synthesizer_bsp/ps7_cortexa9_0/include -MMD -MP -MF"src/intc_handler.d" -MT"src/intc_handler.o" -o "src/intc_handler.o" "../src/intc_handler.c"
'Finished building: ../src/intc_handler.c'
' '
'Building target: Synthesizer.elf'
'Invoking: ARM v7 gcc linker'
arm-none-eabi-gcc -mcpu=cortex-a9 -mfpu=vfpv3 -mfloat-abi=hard -Wl,-build-id=none -specs=Xilinx.spec -Wl,-T -Wl,../src/lscript.ld -L../../Synthesizer_bsp/ps7_cortexa9_0/lib -o "Synthesizer.elf"  ./src/audio.o ./src/init.o ./src/intc_handler.o ./src/test.o   -Wl,--start-group,-lxil,-lgcc,-lc,--end-group
'Finished building target: Synthesizer.elf'
' '
'Invoking: ARM v7 Print Size'
arm-none-eabi-size Synthesizer.elf  |tee "Synthesizer.elf.size"
   text	   data	    bss	    dec	    hex	filename
  48356	  22792	  23480	  94628	  171a4	Synthesizer.elf
'Finished building: Synthesizer.elf.size'
' '
22:04:14 **** Incremental Build of configuration Debug for project Synthesizer ****
make pre-build main-build 
a9-linaro-pre-build-step
' '
make: Nothing to be done for 'main-build'.
23:07:23 **** Auto Build of configuration Debug for project Synthesizer ****
make pre-build main-build 
a9-linaro-pre-build-step
' '
'Building file: ../src/intc_handler.c'
'Invoking: ARM v7 gcc compiler'
arm-none-eabi-gcc -Wall -O0 -g3 -c -fmessage-length=0 -MT"src/intc_handler.o" -mcpu=cortex-a9 -mfpu=vfpv3 -mfloat-abi=hard -I../../Synthesizer_bsp/ps7_cortexa9_0/include -MMD -MP -MF"src/intc_handler.d" -MT"src/intc_handler.o" -o "src/intc_handler.o" "../src/intc_handler.c"
'Finished building: ../src/intc_handler.c'
' '
'Building target: Synthesizer.elf'
'Invoking: ARM v7 gcc linker'
arm-none-eabi-gcc -mcpu=cortex-a9 -mfpu=vfpv3 -mfloat-abi=hard -Wl,-build-id=none -specs=Xilinx.spec -Wl,-T -Wl,../src/lscript.ld -L../../Synthesizer_bsp/ps7_cortexa9_0/lib -o "Synthesizer.elf"  ./src/audio.o ./src/init.o ./src/intc_handler.o ./src/test.o   -Wl,--start-group,-lxil,-lgcc,-lc,--end-group
'Finished building target: Synthesizer.elf'
' '
'Invoking: ARM v7 Print Size'
arm-none-eabi-size Synthesizer.elf  |tee "Synthesizer.elf.size"
   text	   data	    bss	    dec	    hex	filename
  48356	   5232	  23480	  77068	  12d0c	Synthesizer.elf
'Finished building: Synthesizer.elf.size'
' '
23:07:38 **** Incremental Build of configuration Debug for project Synthesizer ****
make pre-build main-build 
a9-linaro-pre-build-step
' '
make: Nothing to be done for 'main-build'.
23:18:38 **** Auto Build of configuration Debug for project Synthesizer ****
make pre-build main-build 
a9-linaro-pre-build-step
' '
'Building file: ../src/intc_handler.c'
'Invoking: ARM v7 gcc compiler'
arm-none-eabi-gcc -Wall -O0 -g3 -c -fmessage-length=0 -MT"src/intc_handler.o" -mcpu=cortex-a9 -mfpu=vfpv3 -mfloat-abi=hard -I../../Synthesizer_bsp/ps7_cortexa9_0/include -MMD -MP -MF"src/intc_handler.d" -MT"src/intc_handler.o" -o "src/intc_handler.o" "../src/intc_handler.c"
'Finished building: ../src/intc_handler.c'
' '
'Building target: Synthesizer.elf'
'Invoking: ARM v7 gcc linker'
arm-none-eabi-gcc -mcpu=cortex-a9 -mfpu=vfpv3 -mfloat-abi=hard -Wl,-build-id=none -specs=Xilinx.spec -Wl,-T -Wl,../src/lscript.ld -L../../Synthesizer_bsp/ps7_cortexa9_0/lib -o "Synthesizer.elf"  ./src/audio.o ./src/init.o ./src/intc_handler.o ./src/test.o   -Wl,--start-group,-lxil,-lgcc,-lc,--end-group
'Finished building target: Synthesizer.elf'
' '
'Invoking: ARM v7 Print Size'
arm-none-eabi-size Synthesizer.elf  |tee "Synthesizer.elf.size"
   text	   data	    bss	    dec	    hex	filename
  48356	   5320	  23480	  77156	  12d64	Synthesizer.elf
'Finished building: Synthesizer.elf.size'
' '
23:18:41 **** Incremental Build of configuration Debug for project Synthesizer ****
make pre-build main-build 
a9-linaro-pre-build-step
' '
make: Nothing to be done for 'main-build'.
